Archive member included to satisfy reference by file (symbol)

/home/rws205/embedded/esp32/iotbits_esp32/esp-idf/examples/ESP-32S/IMU-MPU6050/build/cxx/libcxx.a(cxx_guards.o)
                              (__cxa_guard_dummy)
/home/rws205/embedded/esp32/iotbits_esp32/esp-idf/examples/ESP-32S/IMU-MPU6050/build/esp32/libesp32.a(panic.o)
                              /home/rws205/embedded/esp32/iotbits_esp32/esp-idf/examples/ESP-32S/IMU-MPU6050/build/cxx/libcxx.a(cxx_guards.o) (abort)
/home/rws205/embedded/esp32/iotbits_esp32/esp-idf/examples/ESP-32S/IMU-MPU6050/build/esp32/libesp32.a(system_api.o)
                              /home/rws205/embedded/esp32/iotbits_esp32/esp-idf/examples/ESP-32S/IMU-MPU6050/build/esp32/libesp32.a(panic.o) (esp_restart_noos)
/home/rws205/embedded/esp32/iotbits_esp32/esp-idf/examples/ESP-32S/IMU-MPU6050/build/esp32/libesp32.a(cpu_start.o)
                              (call_start_cpu0)
/home/rws205/embedded/esp32/iotbits_esp32/esp-idf/examples/ESP-32S/IMU-MPU6050/build/esp32/libesp32.a(clk.o)
                              /home/rws205/embedded/esp32/iotbits_esp32/esp-idf/examples/ESP-32S/IMU-MPU6050/build/esp32/libesp32.a(cpu_start.o) (esp_clk_init)
/home/rws205/embedded/esp32/iotbits_esp32/esp-idf/examples/ESP-32S/IMU-MPU6050/build/esp32/libesp32.a(crosscore_int.o)
                              /home/rws205/embedded/esp32/iotbits_esp32/esp-idf/examples/ESP-32S/IMU-MPU6050/build/esp32/libesp32.a(cpu_start.o) (esp_crosscore_int_init)
/home/rws205/embedded/esp32/iotbits_esp32/esp-idf/examples/ESP-32S/IMU-MPU6050/build/esp32/libesp32.a(cache_err_int.o)
                              /home/rws205/embedded/esp32/iotbits_esp32/esp-idf/examples/ESP-32S/IMU-MPU6050/build/esp32/libesp32.a(cpu_start.o) (esp_cache_err_int_init)
/home/rws205/embedded/esp32/iotbits_esp32/esp-idf/examples/ESP-32S/IMU-MPU6050/build/esp32/libesp32.a(ipc.o)
                              /home/rws205/embedded/esp32/iotbits_esp32/esp-idf/examples/ESP-32S/IMU-MPU6050/build/esp32/libesp32.a(cpu_start.o) (esp_ipc_init)
/home/rws205/embedded/esp32/iotbits_esp32/esp-idf/examples/ESP-32S/IMU-MPU6050/build/esp32/libesp32.a(intr_alloc.o)
                              /home/rws205/embedded/esp32/iotbits_esp32/esp-idf/examples/ESP-32S/IMU-MPU6050/build/esp32/libesp32.a(crosscore_int.o) (esp_intr_alloc)
/home/rws205/embedded/esp32/iotbits_esp32/esp-idf/examples/ESP-32S/IMU-MPU6050/build/esp32/libesp32.a(heap_alloc_caps.o)
                              /home/rws205/embedded/esp32/iotbits_esp32/esp-idf/examples/ESP-32S/IMU-MPU6050/build/esp32/libesp32.a(cpu_start.o) (heap_alloc_enable_nonos_stack_tag)
/home/rws205/embedded/esp32/iotbits_esp32/esp-idf/examples/ESP-32S/IMU-MPU6050/build/esp32/libesp32.a(dport_access.o)
                              /home/rws205/embedded/esp32/iotbits_esp32/esp-idf/examples/ESP-32S/IMU-MPU6050/build/esp32/libesp32.a(cpu_start.o) (esp_dport_access_int_init)
/home/rws205/embedded/esp32/iotbits_esp32/esp-idf/examples/ESP-32S/IMU-MPU6050/build/esp32/libesp32.a(int_wdt.o)
                              /home/rws205/embedded/esp32/iotbits_esp32/esp-idf/examples/ESP-32S/IMU-MPU6050/build/esp32/libesp32.a(cpu_start.o) (esp_int_wdt_init)
/home/rws205/embedded/esp32/iotbits_esp32/esp-idf/examples/ESP-32S/IMU-MPU6050/build/esp32/libesp32.a(task_wdt.o)
                              /home/rws205/embedded/esp32/iotbits_esp32/esp-idf/examples/ESP-32S/IMU-MPU6050/build/esp32/libesp32.a(cpu_start.o) (esp_task_wdt_init)
/home/rws205/embedded/esp32/iotbits_esp32/esp-idf/examples/ESP-32S/IMU-MPU6050/build/esp32/libesp32.a(freertos_hooks.o)
                              /home/rws205/embedded/esp32/iotbits_esp32/esp-idf/examples/ESP-32S/IMU-MPU6050/build/esp32/libesp32.a(task_wdt.o) (esp_register_freertos_idle_hook)
/home/rws205/embedded/esp32/iotbits_esp32/esp-idf/components/esp32/libhal.a(int_asm--set_intclear.o)
                              /home/rws205/embedded/esp32/iotbits_esp32/esp-idf/examples/ESP-32S/IMU-MPU6050/build/esp32/libesp32.a(intr_alloc.o) (xthal_set_intclear)
/home/rws205/embedded/esp32/iotbits_esp32/esp-idf/examples/ESP-32S/IMU-MPU6050/build/freertos/libfreertos.a(xtensa_intr.o)
                              /home/rws205/embedded/esp32/iotbits_esp32/esp-idf/examples/ESP-32S/IMU-MPU6050/build/esp32/libesp32.a(intr_alloc.o) (xt_unhandled_interrupt)
/home/rws205/embedded/esp32/iotbits_esp32/esp-idf/examples/ESP-32S/IMU-MPU6050/build/freertos/libfreertos.a(queue.o)
                              /home/rws205/embedded/esp32/iotbits_esp32/esp-idf/examples/ESP-32S/IMU-MPU6050/build/esp32/libesp32.a(ipc.o) (xQueueGenericCreate)
/home/rws205/embedded/esp32/iotbits_esp32/esp-idf/examples/ESP-32S/IMU-MPU6050/build/freertos/libfreertos.a(list.o)
                              /home/rws205/embedded/esp32/iotbits_esp32/esp-idf/examples/ESP-32S/IMU-MPU6050/build/freertos/libfreertos.a(queue.o) (vListInitialise)
[...]
Memory Configuration

Name             Origin             Length             Attributes
iram0_0_seg      0x0000000040080000 0x0000000000020000 xr
iram0_2_seg      0x00000000400d0018 0x0000000000330000 xr
dram0_0_seg      0x000000003ffb0000 0x0000000000050000 rw
drom0_0_seg      0x000000003f400010 0x0000000000800000 r
rtc_iram_seg     0x00000000400c0000 0x0000000000002000 xrw
rtc_slow_seg     0x0000000050000000 0x0000000000001000 rw
*default*        0x0000000000000000 0xffffffffffffffff

Linker script and memory map

START GROUP
LOAD /home/rws205/embedded/esp32/iotbits_esp32/esp-idf/examples/ESP-32S/IMU-MPU6050/build/app_update/libapp_update.a
LOAD /home/rws205/embedded/esp32/iotbits_esp32/esp-idf/examples/ESP-32S/IMU-MPU6050/build/bootloader_support/libbootloader_support.a
LOAD /home/rws205/embedded/esp32/iotbits_esp32/esp-idf/examples/ESP-32S/IMU-MPU6050/build/bt/libbt.a
LOAD /home/rws205/embedded/esp32/iotbits_esp32/esp-idf/examples/ESP-32S/IMU-MPU6050/build/coap/libcoap.a
LOAD /home/rws205/embedded/esp32/iotbits_esp32/esp-idf/examples/ESP-32S/IMU-MPU6050/build/cxx/libcxx.a
LOAD /home/rws205/embedded/esp32/iotbits_esp32/esp-idf/examples/ESP-32S/IMU-MPU6050/build/driver/libdriver.a
LOAD /home/rws205/embedded/esp32/iotbits_esp32/esp-idf/examples/ESP-32S/IMU-MPU6050/build/esp32/libesp32.a
LOAD /home/rws205/embedded/esp32/iotbits_esp32/esp-idf/components/esp32/libhal.a
LOAD /home/rws205/embedded/esp32/iotbits_esp32/esp-idf/components/esp32/lib/libcore.a
LOAD /home/rws205/embedded/esp32/iotbits_esp32/esp-idf/components/esp32/lib/librtc.a
LOAD /home/rws205/embedded/esp32/iotbits_esp32/esp-idf/examples/ESP-32S/IMU-MPU6050/build/ethernet/libethernet.a
LOAD /home/rws205/embedded/esp32/iotbits_esp32/esp-idf/examples/ESP-32S/IMU-MPU6050/build/expat/libexpat.a
LOAD /home/rws205/embedded/esp32/iotbits_esp32/esp-idf/examples/ESP-32S/IMU-MPU6050/build/fatfs/libfatfs.a
LOAD /home/rws205/embedded/esp32/iotbits_esp32/esp-idf/examples/ESP-32S/IMU-MPU6050/build/freertos/libfreertos.a
LOAD /home/rws205/embedded/esp32/iotbits_esp32/esp-idf/examples/ESP-32S/IMU-MPU6050/build/jsmn/libjsmn.a
LOAD /home/rws205/embedded/esp32/iotbits_esp32/esp-idf/examples/ESP-32S/IMU-MPU6050/build/json/libjson.a
LOAD /home/rws205/embedded/esp32/iotbits_esp32/esp-idf/examples/ESP-32S/IMU-MPU6050/build/log/liblog.a
LOAD /home/rws205/embedded/esp32/iotbits_esp32/esp-idf/examples/ESP-32S/IMU-MPU6050/build/lwip/liblwip.a
LOAD /home/rws205/embedded/esp32/iotbits_esp32/esp-idf/examples/ESP-32S/IMU-MPU6050/build/mbedtls/libmbedtls.a
LOAD /home/rws205/embedded/esp32/iotbits_esp32/esp-idf/examples/ESP-32S/IMU-MPU6050/build/mdns/libmdns.a
LOAD /home/rws205/embedded/esp32/iotbits_esp32/esp-idf/examples/ESP-32S/IMU-MPU6050/build/micro-ecc/libmicro-ecc.a
LOAD /home/rws205/embedded/esp32/iotbits_esp32/esp-idf/components/newlib/lib/libc.a
LOAD /home/rws205/embedded/esp32/iotbits_esp32/esp-idf/components/newlib/lib/libm.a
LOAD /home/rws205/embedded/esp32/iotbits_esp32/esp-idf/examples/ESP-32S/IMU-MPU6050/build/newlib/libnewlib.a
LOAD /home/rws205/embedded/esp32/iotbits_esp32/esp-idf/examples/ESP-32S/IMU-MPU6050/build/nghttp/libnghttp.a
LOAD /home/rws205/embedded/esp32/iotbits_esp32/esp-idf/examples/ESP-32S/IMU-MPU6050/build/nvs_flash/libnvs_flash.a
LOAD /home/rws205/embedded/esp32/iotbits_esp32/esp-idf/examples/ESP-32S/IMU-MPU6050/build/openssl/libopenssl.a
LOAD /home/rws205/embedded/esp32/iotbits_esp32/esp-idf/examples/ESP-32S/IMU-MPU6050/build/sdmmc/libsdmmc.a
LOAD /home/rws205/embedded/esp32/iotbits_esp32/esp-idf/examples/ESP-32S/IMU-MPU6050/build/soc/libsoc.a
LOAD /home/rws205/embedded/esp32/iotbits_esp32/esp-idf/examples/ESP-32S/IMU-MPU6050/build/spi_flash/libspi_flash.a
LOAD /home/rws205/embedded/esp32/iotbits_esp32/esp-idf/examples/ESP-32S/IMU-MPU6050/build/tcpip_adapter/libtcpip_adapter.a
LOAD /home/rws205/embedded/esp32/iotbits_esp32/esp-idf/examples/ESP-32S/IMU-MPU6050/build/ulp/libulp.a
LOAD /home/rws205/embedded/esp32/iotbits_esp32/esp-idf/examples/ESP-32S/IMU-MPU6050/build/vfs/libvfs.a
LOAD /home/rws205/embedded/esp32/iotbits_esp32/esp-idf/examples/ESP-32S/IMU-MPU6050/build/wear_levelling/libwear_levelling.a
LOAD /home/rws205/embedded/esp32/iotbits_esp32/esp-idf/examples/ESP-32S/IMU-MPU6050/build/wpa_supplicant/libwpa_supplicant.a
LOAD /home/rws205/embedded/esp32/iotbits_esp32/esp-idf/examples/ESP-32S/IMU-MPU6050/build/xtensa-debug-module/libxtensa-debug-module.a
LOAD /home/rws205/embedded/esp32/iotbits_esp32/esp-idf/examples/ESP-32S/IMU-MPU6050/build/main/libmain.a
LOAD /home/rws205/embedded/esp32/xtensa-esp32-elf/bin/../lib/gcc/xtensa-esp32-elf/5.2.0/libgcc.a
LOAD /home/rws205/embedded/esp32/xtensa-esp32-elf/bin/../lib/gcc/xtensa-esp32-elf/5.2.0/../../../../xtensa-esp32-elf/lib/libstdc++.a
END GROUP
                0x0000000040000000                _heap_end = 0x40000000

.rtc.text       0x00000000400c0000        0x0
                0x00000000400c0000                . = ALIGN (0x4)
 *(.rtc.literal .rtc.text)
 *rtc_wake_stub*.o(.literal .text .literal.* .text.*)

.rtc.data       0x0000000050000000        0x0
                0x0000000050000000                _rtc_data_start = ABSOLUTE (.)
 *(.rtc.data)
 *(.rtc.rodata)
 *rtc_wake_stub*.o(.data .rodata .data.* .rodata.* .bss .bss.*)
                0x0000000050000000                _rtc_data_end = ABSOLUTE (.)

.rtc.bss        0x0000000050000000        0x0
                0x0000000050000000                _rtc_bss_start = ABSOLUTE (.)
 *rtc_wake_stub*.o(.bss .bss.*)
 *rtc_wake_stub*.o(COMMON)
                0x0000000050000000                _rtc_bss_end = ABSOLUTE (.)

.iram0.vectors  0x0000000040080000      0x400
                0x0000000040080000                _init_start = ABSOLUTE (.)
                0x0000000000000000                . = 0x0
 *(.WindowVectors.text)
 .WindowVectors.text
                0x0000000040080000      0x16a /home/rws205/embedded/esp32/iotbits_esp32/esp-idf/examples/ESP-32S/IMU-MPU6050/build/freertos/libfreertos.a(xtensa_vectors.o)
                0x0000000040080000                _WindowOverflow4
                0x0000000040080040                _WindowUnderflow4
                0x0000000040080050                _xt_alloca_exc
                0x0000000040080080                _WindowOverflow8
                0x00000000400800c0                _WindowUnderflow8
                0x0000000040080100                _WindowOverflow12
                0x0000000040080140                _WindowUnderflow12
                0x0000000000000180                . = 0x180
 *fill*         0x000000004008016a       0x16 
 *(.Level2InterruptVector.text)
 .Level2InterruptVector.text
                0x0000000040080180        0x6 /home/rws205/embedded/esp32/iotbits_esp32/esp-idf/examples/ESP-32S/IMU-MPU6050/build/freertos/libfreertos.a(xtensa_vectors.o)
                0x0000000040080180                _Level2Vector
                0x00000000000001c0                . = 0x1c0
 *fill*         0x0000000040080186       0x3a 
 *(.Level3InterruptVector.text)
 .Level3InterruptVector.text
                0x00000000400801c0        0x6 /home/rws205/embedded/esp32/iotbits_esp32/esp-idf/examples/ESP-32S/IMU-MPU6050/build/freertos/libfreertos.a(xtensa_vectors.o)
                0x00000000400801c0                _Level3Vector
                0x0000000000000200                . = 0x200
 *fill*         0x00000000400801c6       0x3a 
 *(.Level4InterruptVector.text)
 .Level4InterruptVector.text
                0x0000000040080200        0x6 /home/rws205/embedded/esp32/iotbits_esp32/esp-idf/examples/ESP-32S/IMU-MPU6050/build/freertos/libfreertos.a(xtensa_vectors.o)
                0x0000000040080200                _Level4Vector
                0x0000000000000240                . = 0x240
 *fill*         0x0000000040080206       0x3a 
 *(.Level5InterruptVector.text)
 .Level5InterruptVector.text
                0x0000000040080240        0x6 /home/rws205/embedded/esp32/iotbits_esp32/esp-idf/examples/ESP-32S/IMU-MPU6050/build/freertos/libfreertos.a(xtensa_vectors.o)
                0x0000000040080240                _Level5Vector
                0x0000000000000280                . = 0x280
 *fill*         0x0000000040080246       0x3a 
 *(.DebugExceptionVector.text)
 .DebugExceptionVector.text
                0x0000000040080280        0xf /home/rws205/embedded/esp32/iotbits_esp32/esp-idf/examples/ESP-32S/IMU-MPU6050/build/freertos/libfreertos.a(xtensa_vectors.o)
                0x0000000040080280                _DebugExceptionVector
                0x00000000000002c0                . = 0x2c0
 *fill*         0x000000004008028f       0x31 
 *(.NMIExceptionVector.text)
 .NMIExceptionVector.text
                0x00000000400802c0        0x6 /home/rws205/embedded/esp32/iotbits_esp32/esp-idf/examples/ESP-32S/IMU-MPU6050/build/freertos/libfreertos.a(xtensa_vectors.o)
                0x00000000400802c0                _NMIExceptionVector
                0x0000000000000300                . = 0x300
 *fill*         0x00000000400802c6       0x3a 
 *(.KernelExceptionVector.text)
 .KernelExceptionVector.text
                0x0000000040080300        0x6 /home/rws205/embedded/esp32/iotbits_esp32/esp-idf/examples/ESP-32S/IMU-MPU6050/build/freertos/libfreertos.a(xtensa_vectors.o)
                0x0000000040080300                _KernelExceptionVector
                0x0000000000000340                . = 0x340
 *fill*         0x0000000040080306       0x3a 
 *(.UserExceptionVector.text)
 .UserExceptionVector.text
                0x0000000040080340        0x6 /home/rws205/embedded/esp32/iotbits_esp32/esp-idf/examples/ESP-32S/IMU-MPU6050/build/freertos/libfreertos.a(xtensa_vectors.o)
                0x0000000040080340                _UserExceptionVector
                0x00000000000003c0                . = 0x3c0
 *fill*         0x0000000040080346       0x7a 
 *(.DoubleExceptionVector.text)
 .DoubleExceptionVector.text
                0x00000000400803c0        0xf /home/rws205/embedded/esp32/iotbits_esp32/esp-idf/examples/ESP-32S/IMU-MPU6050/build/freertos/libfreertos.a(xtensa_vectors.o)
                0x00000000400803c0                _DoubleExceptionVector
                0x0000000000000400                . = 0x400
 *fill*         0x00000000400803cf       0x31 
 *(.*Vector.literal)
 *(.UserEnter.literal)
 *(.UserEnter.text)
                0x0000000040080400                . = ALIGN (0x10)
 *(.entry.text)
 *(.init.literal)
 *(.init)
                0x0000000040080400                _init_end = ABSOLUTE (.)
                0x0000000000000000                _iram_start = 0x0

.iram0.text     0x0000000040080400     0x853c
                0x0000000040080400                _iram_text_start = ABSOLUTE (.)
 *(.iram1 .iram1.*)
 .iram1.literal
                0x0000000040080400       0x40 /home/rws205/embedded/esp32/iotbits_esp32/esp-idf/examples/ESP-32S/IMU-MPU6050/build/esp32/libesp32.a(system_api.o)
                                         0x5c (size before relaxing)
 .iram1.literal
                0x0000000040080440       0xa4 /home/rws205/embedded/esp32/iotbits_esp32/esp-idf/examples/ESP-32S/IMU-MPU6050/build/esp32/libesp32.a(cpu_start.o)
                                        0x174 (size before relaxing)
 .iram1.literal
                0x00000000400804e4        0x8 /home/rws205/embedded/esp32/iotbits_esp32/esp-idf/examples/ESP-32S/IMU-MPU6050/build/esp32/libesp32.a(clk.o)
 .iram1.literal
                0x00000000400804ec       0x1c /home/rws205/embedded/esp32/iotbits_esp32/esp-idf/examples/ESP-32S/IMU-MPU6050/build/esp32/libesp32.a(crosscore_int.o)
                                         0x40 (size before relaxing)
 .iram1.literal
                0x0000000040080508        0xc /home/rws205/embedded/esp32/iotbits_esp32/esp-idf/examples/ESP-32S/IMU-MPU6050/build/esp32/libesp32.a(cache_err_int.o)
 .iram1.literal
                0x0000000040080514       0x20 /home/rws205/embedded/esp32/iotbits_esp32/esp-idf/examples/ESP-32S/IMU-MPU6050/build/esp32/libesp32.a(ipc.o)
                                         0x34 (size before relaxing)
 .iram1.literal
                0x0000000040080534       0x14 /home/rws205/embedded/esp32/iotbits_esp32/esp-idf/examples/ESP-32S/IMU-MPU6050/build/esp32/libesp32.a(intr_alloc.o)
                                         0x5c (size before relaxing)
 .iram1.literal
                0x0000000040080548       0x34 /home/rws205/embedded/esp32/iotbits_esp32/esp-idf/examples/ESP-32S/IMU-MPU6050/build/esp32/libesp32.a(dport_access.o)
                                         0x54 (size before relaxing)
 .iram1.literal
                0x000000004008057c        0x4 /home/rws205/embedded/esp32/iotbits_esp32/esp-idf/examples/ESP-32S/IMU-MPU6050/build/esp32/libesp32.a(int_wdt.o)
                                          0xc (size before relaxing)
 .iram1.literal
                0x0000000040080580        0x4 /home/rws205/embedded/esp32/iotbits_esp32/esp-idf/examples/ESP-32S/IMU-MPU6050/build/esp32/libesp32.a(freertos_hooks.o)
 .iram1.literal
                0x0000000040080584       0x50 /home/rws205/embedded/esp32/iotbits_esp32/esp-idf/examples/ESP-32S/IMU-MPU6050/build/freertos/libfreertos.a(xtensa_vectors.o)
                                         0x80 (size before relaxing)
 .iram1.literal
                0x00000000400805d4       0x28 /home/rws205/embedded/esp32/iotbits_esp32/esp-idf/examples/ESP-32S/IMU-MPU6050/build/log/liblog.a(log.o)
                                         0x48 (size before relaxing)
 .iram1.literal
                0x00000000400805fc       0x1c /home/rws205/embedded/esp32/iotbits_esp32/esp-idf/examples/ESP-32S/IMU-MPU6050/build/newlib/libnewlib.a(time.o)
                                         0x34 (size before relaxing)
 .iram1.literal
                0x0000000040080618        0x8 /home/rws205/embedded/esp32/iotbits_esp32/esp-idf/examples/ESP-32S/IMU-MPU6050/build/newlib/libnewlib.a(reent_init.o)
                                         0x10 (size before relaxing)
 .iram1.literal
                0x0000000040080620        0x0 /home/rws205/embedded/esp32/iotbits_esp32/esp-idf/examples/ESP-32S/IMU-MPU6050/build/newlib/libnewlib.a(syscalls.o)
                                         0x20 (size before relaxing)
 .iram1.literal
                0x0000000040080620       0x14 /home/rws205/embedded/esp32/iotbits_esp32/esp-idf/examples/ESP-32S/IMU-MPU6050/build/newlib/libnewlib.a(locks.o)
                                         0x90 (size before relaxing)
 .iram1.literal
                0x0000000040080634       0x18 /home/rws205/embedded/esp32/iotbits_esp32/esp-idf/examples/ESP-32S/IMU-MPU6050/build/soc/libsoc.a(cpu_util.o)
                                         0x2c (size before relaxing)
 .iram1.literal
                0x000000004008064c       0x4c /home/rws205/embedded/esp32/iotbits_esp32/esp-idf/examples/ESP-32S/IMU-MPU6050/build/spi_flash/libspi_flash.a(cache_utils.o)
                                        0x140 (size before relaxing)
 .iram1.literal
                0x0000000040080698       0x2c /home/rws205/embedded/esp32/iotbits_esp32/esp-idf/examples/ESP-32S/IMU-MPU6050/build/spi_flash/libspi_flash.a(flash_ops.o)
                                         0xb4 (size before relaxing)
 .iram1.literal
                0x00000000400806c4       0x48 /home/rws205/embedded/esp32/iotbits_esp32/esp-idf/examples/ESP-32S/IMU-MPU6050/build/spi_flash/libspi_flash.a(flash_mmap.o)
                                         0xd4 (size before relaxing)
 .iram1.literal
                0x000000004008070c       0x30 /home/rws205/embedded/esp32/iotbits_esp32/esp-idf/examples/ESP-32S/IMU-MPU6050/build/vfs/libvfs.a(vfs_uart.o)
                                         0x88 (size before relaxing)
 .iram1.literal
                0x000000004008073c       0x70 /home/rws205/embedded/esp32/iotbits_esp32/esp-idf/examples/ESP-32S/IMU-MPU6050/build/driver/libdriver.a(spi_master.o)
                                         0xc0 (size before relaxing)
 .iram1.literal
                0x00000000400807ac       0x28 /home/rws205/embedded/esp32/iotbits_esp32/esp-idf/examples/ESP-32S/IMU-MPU6050/build/driver/libdriver.a(i2c.o)
                                         0x48 (size before relaxing)
 .iram1.literal
                0x00000000400807d4       0x1c /home/rws205/embedded/esp32/iotbits_esp32/esp-idf/examples/ESP-32S/IMU-MPU6050/build/driver/libdriver.a(spi_common.o)
                                         0x84 (size before relaxing)
 .literal.xt_unhandled_interrupt
                0x00000000400807f0        0x4 /home/rws205/embedded/esp32/iotbits_esp32/esp-idf/examples/ESP-32S/IMU-MPU6050/build/freertos/libfreertos.a(xtensa_intr.o)
                                          0x8 (size before relaxing)
 .literal.xt_set_interrupt_handler
                0x00000000400807f4        0x8 /home/rws205/embedded/esp32/iotbits_esp32/esp-idf/examples/ESP-32S/IMU-MPU6050/build/freertos/libfreertos.a(xtensa_intr.o)
                                          0xc (size before relaxing)
 .literal.prvCopyDataToQueue
                0x00000000400807fc        0x0 /home/rws205/embedded/esp32/iotbits_esp32/esp-idf/examples/ESP-32S/IMU-MPU6050/build/freertos/libfreertos.a(queue.o)
                                          0xc (size before relaxing)
 .literal.prvNotifyQueueSetContainer
                0x00000000400807fc       0x14 /home/rws205/embedded/esp32/iotbits_esp32/esp-idf/examples/ESP-32S/IMU-MPU6050/build/freertos/libfreertos.a(queue.o)
                                         0x2c (size before relaxing)
 .literal.prvCopyDataFromQueue
                0x0000000040080810        0x0 /home/rws205/embedded/esp32/iotbits_esp32/esp-idf/examples/ESP-32S/IMU-MPU6050/build/freertos/libfreertos.a(queue.o)
                                          0x4 (size before relaxing)
 .literal.prvIsQueueFull
                0x0000000040080810        0x0 /home/rws205/embedded/esp32/iotbits_esp32/esp-idf/examples/ESP-32S/IMU-MPU6050/build/freertos/libfreertos.a(queue.o)
                                          0x8 (size before relaxing)
 .literal.xQueueGenericReset
                0x0000000040080810        0x4 /home/rws205/embedded/esp32/iotbits_esp32/esp-idf/examples/ESP-32S/IMU-MPU6050/build/freertos/libfreertos.a(queue.o)
                                         0x30 (size before relaxing)
 .literal.prvInitialiseNewQueue
                0x0000000040080814        0x0 /home/rws205/embedded/esp32/iotbits_esp32/esp-idf/examples/ESP-32S/IMU-MPU6050/build/freertos/libfreertos.a(queue.o)
                                          0x4 (size before relaxing)
 .literal.xQueueGenericCreate
                0x0000000040080814        0x4 /home/rws205/embedded/esp32/iotbits_esp32/esp-idf/examples/ESP-32S/IMU-MPU6050/build/freertos/libfreertos.a(queue.o)
                                         0x1c (size before relaxing)
 .literal.xQueueGetMutexHolder
                0x0000000040080818        0x0 /home/rws205/embedded/esp32/iotbits_esp32/esp-idf/examples/ESP-32S/IMU-MPU6050/build/freertos/libfreertos.a(queue.o)
                                          0x8 (size before relaxing)
 .literal.xQueueGenericSend
                0x0000000040080818        0x4 /home/rws205/embedded/esp32/iotbits_esp32/esp-idf/examples/ESP-32S/IMU-MPU6050/build/freertos/libfreertos.a(queue.o)
                                         0x7c (size before relaxing)
 .literal.prvInitialiseMutex
                0x000000004008081c        0x0 /home/rws205/embedded/esp32/iotbits_esp32/esp-idf/examples/ESP-32S/IMU-MPU6050/build/freertos/libfreertos.a(queue.o)
                                          0x8 (size before relaxing)
 .literal.xQueueCreateMutex
                0x000000004008081c        0x0 /home/rws205/embedded/esp32/iotbits_esp32/esp-idf/examples/ESP-32S/IMU-MPU6050/build/freertos/libfreertos.a(queue.o)
                                          0x8 (size before relaxing)
 .literal.xQueueGiveMutexRecursive
                0x000000004008081c        0x4 /home/rws205/embedded/esp32/iotbits_esp32/esp-idf/examples/ESP-32S/IMU-MPU6050/build/freertos/libfreertos.a(queue.o)
                                         0x1c (size before relaxing)
 .literal.xQueueGenericSendFromISR
                0x0000000040080820        0x4 /home/rws205/embedded/esp32/iotbits_esp32/esp-idf/examples/ESP-32S/IMU-MPU6050/build/freertos/libfreertos.a(queue.o)
                                         0x3c (size before relaxing)
 .literal.xQueueGiveFromISR
                0x0000000040080824        0x4 /home/rws205/embedded/esp32/iotbits_esp32/esp-idf/examples/ESP-32S/IMU-MPU6050/build/freertos/libfreertos.a(queue.o)
                                         0x30 (size before relaxing)
 .literal.xQueueGenericReceive
                0x0000000040080828        0x4 /home/rws205/embedded/esp32/iotbits_esp32/esp-idf/examples/ESP-32S/IMU-MPU6050/build/freertos/libfreertos.a(queue.o)
                                         0x78 (size before relaxing)
 .literal.xQueueTakeMutexRecursive
                0x000000004008082c        0x4 /home/rws205/embedded/esp32/iotbits_esp32/esp-idf/examples/ESP-32S/IMU-MPU6050/build/freertos/libfreertos.a(queue.o)
                                         0x1c (size before relaxing)
 .literal.xQueueReceiveFromISR
                0x0000000040080830        0x4 /home/rws205/embedded/esp32/iotbits_esp32/esp-idf/examples/ESP-32S/IMU-MPU6050/build/freertos/libfreertos.a(queue.o)
                                         0x30 (size before relaxing)
 .literal.vQueueDelete
                0x0000000040080834        0x4 /home/rws205/embedded/esp32/iotbits_esp32/esp-idf/examples/ESP-32S/IMU-MPU6050/build/freertos/libfreertos.a(queue.o)
                                         0x18 (size before relaxing)
 .literal.vQueueWaitForMessageRestricted
                0x0000000040080838        0x0 /home/rws205/embedded/esp32/iotbits_esp32/esp-idf/examples/ESP-32S/IMU-MPU6050/build/freertos/libfreertos.a(queue.o)
                                          0xc (size before relaxing)
 .literal.pxPortInitialiseStack
                0x0000000040080838        0x4 /home/rws205/embedded/esp32/iotbits_esp32/esp-idf/examples/ESP-32S/IMU-MPU6050/build/freertos/libfreertos.a(port.o)
                                          0x8 (size before relaxing)
 .literal.xPortStartScheduler
                0x000000004008083c        0x0 /home/rws205/embedded/esp32/iotbits_esp32/esp-idf/examples/ESP-32S/IMU-MPU6050/build/freertos/libfreertos.a(port.o)
                                         0x14 (size before relaxing)
 .literal.xPortSysTickHandler
                0x000000004008083c        0x0 /home/rws205/embedded/esp32/iotbits_esp32/esp-idf/examples/ESP-32S/IMU-MPU6050/build/freertos/libfreertos.a(port.o)
                                          0x8 (size before relaxing)
 .literal.vPortYieldOtherCore
                0x000000004008083c        0x0 /home/rws205/embedded/esp32/iotbits_esp32/esp-idf/examples/ESP-32S/IMU-MPU6050/build/freertos/libfreertos.a(port.o)
                                          0x4 (size before relaxing)
 .literal.vPortReleaseTaskMPUSettings
                0x000000004008083c        0x0 /home/rws205/embedded/esp32/iotbits_esp32/esp-idf/examples/ESP-32S/IMU-MPU6050/build/freertos/libfreertos.a(port.o)
                                          0x4 (size before relaxing)
 .literal.xPortInIsrContext
                0x000000004008083c        0x4 /home/rws205/embedded/esp32/iotbits_esp32/esp-idf/examples/ESP-32S/IMU-MPU6050/build/freertos/libfreertos.a(port.o)
                                          0x8 (size before relaxing)
 .literal.vPortCPUInitializeMutex
                0x0000000040080840        0x4 /home/rws205/embedded/esp32/iotbits_esp32/esp-idf/examples/ESP-32S/IMU-MPU6050/build/freertos/libfreertos.a(port.o)
 .literal.vPortCPUAcquireMutex
                0x0000000040080844        0x8 /home/rws205/embedded/esp32/iotbits_esp32/esp-idf/examples/ESP-32S/IMU-MPU6050/build/freertos/libfreertos.a(port.o)
                                         0x10 (size before relaxing)
 .literal.vPortCPUReleaseMutex
                0x000000004008084c        0x0 /home/rws205/embedded/esp32/iotbits_esp32/esp-idf/examples/ESP-32S/IMU-MPU6050/build/freertos/libfreertos.a(port.o)
                                         0x10 (size before relaxing)
 .literal.vPortFirstTaskHook
                0x000000004008084c        0x0 /home/rws205/embedded/esp32/iotbits_esp32/esp-idf/examples/ESP-32S/IMU-MPU6050/build/freertos/libfreertos.a(port.o)
                                          0x4 (size before relaxing)
 .literal.prvInsertBlockIntoFreeList
                0x000000004008084c        0xc /home/rws205/embedded/esp32/iotbits_esp32/esp-idf/examples/ESP-32S/IMU-MPU6050/build/freertos/libfreertos.a(heap_regions.o)
                                         0x14 (size before relaxing)
 .literal.pvPortMallocTagged
                0x0000000040080858       0x20 /home/rws205/embedded/esp32/iotbits_esp32/esp-idf/examples/ESP-32S/IMU-MPU6050/build/freertos/libfreertos.a(heap_regions.o)
                                         0x44 (size before relaxing)
 .literal.vPortFreeTagged
                0x0000000040080878        0x4 /home/rws205/embedded/esp32/iotbits_esp32/esp-idf/examples/ESP-32S/IMU-MPU6050/build/freertos/libfreertos.a(heap_regions.o)
                                         0x38 (size before relaxing)
 .literal.vPortDefineHeapRegionsTagged
                0x000000004008087c        0x4 /home/rws205/embedded/esp32/iotbits_esp32/esp-idf/examples/ESP-32S/IMU-MPU6050/build/freertos/libfreertos.a(heap_regions.o)
                                         0x64 (size before relaxing)
 .literal.prvResetNextTaskUnblockTime
                0x0000000040080880        0x8 /home/rws205/embedded/esp32/iotbits_esp32/esp-idf/examples/ESP-32S/IMU-MPU6050/build/freertos/libfreertos.a(tasks.o)
 .literal.prvInitialiseNewTask
                0x0000000040080888        0x0 /home/rws205/embedded/esp32/iotbits_esp32/esp-idf/examples/ESP-32S/IMU-MPU6050/build/freertos/libfreertos.a(tasks.o)
                                         0x18 (size before relaxing)
 .literal.prvInitialiseTaskLists
                0x0000000040080888       0x1c /home/rws205/embedded/esp32/iotbits_esp32/esp-idf/examples/ESP-32S/IMU-MPU6050/build/freertos/libfreertos.a(tasks.o)
                                         0x38 (size before relaxing)
 .literal.prvAddCurrentTaskToDelayedList
                0x00000000400808a4        0x4 /home/rws205/embedded/esp32/iotbits_esp32/esp-idf/examples/ESP-32S/IMU-MPU6050/build/freertos/libfreertos.a(tasks.o)
                                         0x1c (size before relaxing)
 .literal.prvDeleteTCB
                0x00000000400808a8       0x10 /home/rws205/embedded/esp32/iotbits_esp32/esp-idf/examples/ESP-32S/IMU-MPU6050/build/freertos/libfreertos.a(tasks.o)
                                         0x2c (size before relaxing)
 .literal.taskYIELD_OTHER_CORE
                0x00000000400808b8        0x0 /home/rws205/embedded/esp32/iotbits_esp32/esp-idf/examples/ESP-32S/IMU-MPU6050/build/freertos/libfreertos.a(tasks.o)
                                         0x10 (size before relaxing)
 .literal.vTaskSuspendAll
                0x00000000400808b8        0x4 /home/rws205/embedded/esp32/iotbits_esp32/esp-idf/examples/ESP-32S/IMU-MPU6050/build/freertos/libfreertos.a(tasks.o)
                                          0x8 (size before relaxing)
 .literal.vTaskSwitchContext
                0x00000000400808bc       0x14 /home/rws205/embedded/esp32/iotbits_esp32/esp-idf/examples/ESP-32S/IMU-MPU6050/build/freertos/libfreertos.a(tasks.o)
                                         0x38 (size before relaxing)
 .literal.xTaskRemoveFromEventList
                0x00000000400808d0        0x8 /home/rws205/embedded/esp32/iotbits_esp32/esp-idf/examples/ESP-32S/IMU-MPU6050/build/freertos/libfreertos.a(tasks.o)
                                         0x58 (size before relaxing)
 .literal.vTaskSetTimeOutState
                0x00000000400808d8        0xc /home/rws205/embedded/esp32/iotbits_esp32/esp-idf/examples/ESP-32S/IMU-MPU6050/build/freertos/libfreertos.a(tasks.o)
                                         0x20 (size before relaxing)
 .literal.xTaskGetCurrentTaskHandle
                0x00000000400808e4        0x0 /home/rws205/embedded/esp32/iotbits_esp32/esp-idf/examples/ESP-32S/IMU-MPU6050/build/freertos/libfreertos.a(tasks.o)
                                          0x8 (size before relaxing)
 .literal.__getreent
                0x00000000400808e4        0x0 /home/rws205/embedded/esp32/iotbits_esp32/esp-idf/examples/ESP-32S/IMU-MPU6050/build/freertos/libfreertos.a(tasks.o)
                                          0x8 (size before relaxing)
 .literal.pcTaskGetTaskName
                0x00000000400808e4        0x8 /home/rws205/embedded/esp32/iotbits_esp32/esp-idf/examples/ESP-32S/IMU-MPU6050/build/freertos/libfreertos.a(tasks.o)
                                         0x1c (size before relaxing)
 .literal.xTaskGetAffinity
                0x00000000400808ec        0x0 /home/rws205/embedded/esp32/iotbits_esp32/esp-idf/examples/ESP-32S/IMU-MPU6050/build/freertos/libfreertos.a(tasks.o)
                                          0x4 (size before relaxing)
 .literal.xTaskGetCurrentTaskHandleForCPU
                0x00000000400808ec        0x0 /home/rws205/embedded/esp32/iotbits_esp32/esp-idf/examples/ESP-32S/IMU-MPU6050/build/freertos/libfreertos.a(tasks.o)
                                          0x4 (size before relaxing)
 .literal.xTaskGetSchedulerState
                0x00000000400808ec        0x4 /home/rws205/embedded/esp32/iotbits_esp32/esp-idf/examples/ESP-32S/IMU-MPU6050/build/freertos/libfreertos.a(tasks.o)
                                          0xc (size before relaxing)
 .literal.vTaskEnterCritical
                0x00000000400808f0        0x0 /home/rws205/embedded/esp32/iotbits_esp32/esp-idf/examples/ESP-32S/IMU-MPU6050/build/freertos/libfreertos.a(tasks.o)
                                          0xc (size before relaxing)
 .literal.vTaskExitCritical
                0x00000000400808f0        0x0 /home/rws205/embedded/esp32/iotbits_esp32/esp-idf/examples/ESP-32S/IMU-MPU6050/build/freertos/libfreertos.a(tasks.o)
                                         0x10 (size before relaxing)
 .literal.prvAddNewTaskToReadyList
                0x00000000400808f0       0x10 /home/rws205/embedded/esp32/iotbits_esp32/esp-idf/examples/ESP-32S/IMU-MPU6050/build/freertos/libfreertos.a(tasks.o)
                                         0x5c (size before relaxing)
 .literal.xTaskCreatePinnedToCore
                0x0000000040080900        0x0 /home/rws205/embedded/esp32/iotbits_esp32/esp-idf/examples/ESP-32S/IMU-MPU6050/build/freertos/libfreertos.a(tasks.o)
                                         0x14 (size before relaxing)
 .literal.vTaskStartScheduler
                0x0000000040080900       0x10 /home/rws205/embedded/esp32/iotbits_esp32/esp-idf/examples/ESP-32S/IMU-MPU6050/build/freertos/libfreertos.a(tasks.o)
                                         0x34 (size before relaxing)
 .literal.vTaskDelete
                0x0000000040080910        0x8 /home/rws205/embedded/esp32/iotbits_esp32/esp-idf/examples/ESP-32S/IMU-MPU6050/build/freertos/libfreertos.a(tasks.o)
                                         0x5c (size before relaxing)
 .literal.vTaskDelay
                0x0000000040080918        0x4 /home/rws205/embedded/esp32/iotbits_esp32/esp-idf/examples/ESP-32S/IMU-MPU6050/build/freertos/libfreertos.a(tasks.o)
                                         0x38 (size before relaxing)
 .literal.prvCheckTasksWaitingTermination
                0x000000004008091c        0x0 /home/rws205/embedded/esp32/iotbits_esp32/esp-idf/examples/ESP-32S/IMU-MPU6050/build/freertos/libfreertos.a(tasks.o)
                                         0x24 (size before relaxing)
 .literal.prvIdleTask
                0x000000004008091c        0x0 /home/rws205/embedded/esp32/iotbits_esp32/esp-idf/examples/ESP-32S/IMU-MPU6050/build/freertos/libfreertos.a(tasks.o)
                                          0x8 (size before relaxing)
 .literal.xTaskGetTickCount
                0x000000004008091c        0x4 /home/rws205/embedded/esp32/iotbits_esp32/esp-idf/examples/ESP-32S/IMU-MPU6050/build/freertos/libfreertos.a(tasks.o)
                                         0x10 (size before relaxing)
 .literal.xTaskIncrementTick
                0x0000000040080920        0xc /home/rws205/embedded/esp32/iotbits_esp32/esp-idf/examples/ESP-32S/IMU-MPU6050/build/freertos/libfreertos.a(tasks.o)
                                         0x78 (size before relaxing)
 .literal.xTaskResumeAll
                0x000000004008092c        0x8 /home/rws205/embedded/esp32/iotbits_esp32/esp-idf/examples/ESP-32S/IMU-MPU6050/build/freertos/libfreertos.a(tasks.o)
                                         0x5c (size before relaxing)
 .literal.vTaskPlaceOnEventList
                0x0000000040080934        0x8 /home/rws205/embedded/esp32/iotbits_esp32/esp-idf/examples/ESP-32S/IMU-MPU6050/build/freertos/libfreertos.a(tasks.o)
                                         0x40 (size before relaxing)
 .literal.vTaskPlaceOnEventListRestricted
                0x000000004008093c        0x8 /home/rws205/embedded/esp32/iotbits_esp32/esp-idf/examples/ESP-32S/IMU-MPU6050/build/freertos/libfreertos.a(tasks.o)
                                         0x38 (size before relaxing)
 .literal.xTaskCheckForTimeOut
                0x0000000040080944        0xc /home/rws205/embedded/esp32/iotbits_esp32/esp-idf/examples/ESP-32S/IMU-MPU6050/build/freertos/libfreertos.a(tasks.o)
                                         0x3c (size before relaxing)
 .literal.vTaskPriorityInherit
                0x0000000040080950        0x0 /home/rws205/embedded/esp32/iotbits_esp32/esp-idf/examples/ESP-32S/IMU-MPU6050/build/freertos/libfreertos.a(tasks.o)
                                         0x2c (size before relaxing)
 .literal.xTaskPriorityDisinherit
                0x0000000040080950        0x8 /home/rws205/embedded/esp32/iotbits_esp32/esp-idf/examples/ESP-32S/IMU-MPU6050/build/freertos/libfreertos.a(tasks.o)
                                         0x40 (size before relaxing)
 .literal.pvTaskIncrementMutexHeldCount
                0x0000000040080958        0x0 /home/rws205/embedded/esp32/iotbits_esp32/esp-idf/examples/ESP-32S/IMU-MPU6050/build/freertos/libfreertos.a(tasks.o)
                                         0x10 (size before relaxing)
 .literal.prvGetNextExpireTime
                0x0000000040080958        0x4 /home/rws205/embedded/esp32/iotbits_esp32/esp-idf/examples/ESP-32S/IMU-MPU6050/build/freertos/libfreertos.a(timers.o)
 .literal.prvInsertTimerInActiveList
                0x000000004008095c        0x4 /home/rws205/embedded/esp32/iotbits_esp32/esp-idf/examples/ESP-32S/IMU-MPU6050/build/freertos/libfreertos.a(timers.o)
                                         0x10 (size before relaxing)
 .literal.prvCheckForValidListAndQueue
                0x0000000040080960       0x1c /home/rws205/embedded/esp32/iotbits_esp32/esp-idf/examples/ESP-32S/IMU-MPU6050/build/freertos/libfreertos.a(timers.o)
                                         0x44 (size before relaxing)
 .literal.xTimerCreateTimerTask
                0x000000004008097c       0x10 /home/rws205/embedded/esp32/iotbits_esp32/esp-idf/examples/ESP-32S/IMU-MPU6050/build/freertos/libfreertos.a(timers.o)
                                         0x2c (size before relaxing)
 .literal.xTimerGenericCommand
                0x000000004008098c        0x0 /home/rws205/embedded/esp32/iotbits_esp32/esp-idf/examples/ESP-32S/IMU-MPU6050/build/freertos/libfreertos.a(timers.o)
                                         0x14 (size before relaxing)
 .literal.prvSwitchTimerLists
                0x000000004008098c        0x4 /home/rws205/embedded/esp32/iotbits_esp32/esp-idf/examples/ESP-32S/IMU-MPU6050/build/freertos/libfreertos.a(timers.o)
                                         0x28 (size before relaxing)
 .literal.prvSampleTimeNow
                0x0000000040080990        0x4 /home/rws205/embedded/esp32/iotbits_esp32/esp-idf/examples/ESP-32S/IMU-MPU6050/build/freertos/libfreertos.a(timers.o)
                                          0xc (size before relaxing)
 .literal.prvProcessExpiredTimer
                0x0000000040080994        0x4 /home/rws205/embedded/esp32/iotbits_esp32/esp-idf/examples/ESP-32S/IMU-MPU6050/build/freertos/libfreertos.a(timers.o)
                                         0x24 (size before relaxing)
 .literal.prvProcessTimerOrBlockTask
                0x0000000040080998        0x0 /home/rws205/embedded/esp32/iotbits_esp32/esp-idf/examples/ESP-32S/IMU-MPU6050/build/freertos/libfreertos.a(timers.o)
                                         0x24 (size before relaxing)
 .literal.prvProcessReceivedCommands
                0x0000000040080998        0x8 /home/rws205/embedded/esp32/iotbits_esp32/esp-idf/examples/ESP-32S/IMU-MPU6050/build/freertos/libfreertos.a(timers.o)
                                         0x40 (size before relaxing)
 .literal.prvTimerTask
                0x00000000400809a0        0x0 /home/rws205/embedded/esp32/iotbits_esp32/esp-idf/examples/ESP-32S/IMU-MPU6050/build/freertos/libfreertos.a(timers.o)
                                          0xc (size before relaxing)
 .literal       0x00000000400809a0        0x0 /home/rws205/embedded/esp32/iotbits_esp32/esp-idf/examples/ESP-32S/IMU-MPU6050/build/freertos/libfreertos.a(xtensa_context.o)
                                         0x10 (size before relaxing)
 .literal       0x00000000400809a0       0x10 /home/rws205/embedded/esp32/iotbits_esp32/esp-idf/examples/ESP-32S/IMU-MPU6050/build/freertos/libfreertos.a(portasm.o)
                                         0x54 (size before relaxing)
 .literal._xt_tick_divisor_init
                0x00000000400809b0        0x4 /home/rws205/embedded/esp32/iotbits_esp32/esp-idf/examples/ESP-32S/IMU-MPU6050/build/freertos/libfreertos.a(xtensa_init.o)
                                          0x8 (size before relaxing)
 .literal.returnItemToRingbufBytebuf
                0x00000000400809b4        0xc /home/rws205/embedded/esp32/iotbits_esp32/esp-idf/examples/ESP-32S/IMU-MPU6050/build/freertos/libfreertos.a(ringbuf.o)
                                         0x1c (size before relaxing)
 .literal.returnItemToRingbufDefault
                0x00000000400809c0        0x4 /home/rws205/embedded/esp32/iotbits_esp32/esp-idf/examples/ESP-32S/IMU-MPU6050/build/freertos/libfreertos.a(ringbuf.o)
                                         0x44 (size before relaxing)
 .literal.getItemFromRingbufDefault
                0x00000000400809c4        0x4 /home/rws205/embedded/esp32/iotbits_esp32/esp-idf/examples/ESP-32S/IMU-MPU6050/build/freertos/libfreertos.a(ringbuf.o)
                                         0x24 (size before relaxing)
 .literal.copyItemToRingbufNoSplit
                0x00000000400809c8        0x4 /home/rws205/embedded/esp32/iotbits_esp32/esp-idf/examples/ESP-32S/IMU-MPU6050/build/freertos/libfreertos.a(ringbuf.o)
                                         0x24 (size before relaxing)
 .literal.copyItemToRingbufByteBuf
                0x00000000400809cc        0x0 /home/rws205/embedded/esp32/iotbits_esp32/esp-idf/examples/ESP-32S/IMU-MPU6050/build/freertos/libfreertos.a(ringbuf.o)
                                          0x8 (size before relaxing)
 .literal.copyItemToRingbufAllowSplit
                0x00000000400809cc        0x4 /home/rws205/embedded/esp32/iotbits_esp32/esp-idf/examples/ESP-32S/IMU-MPU6050/build/freertos/libfreertos.a(ringbuf.o)
                                         0x34 (size before relaxing)
 .literal.xRingbufferCreate
                0x00000000400809d0       0x20 /home/rws205/embedded/esp32/iotbits_esp32/esp-idf/examples/ESP-32S/IMU-MPU6050/build/freertos/libfreertos.a(ringbuf.o)
                                         0x58 (size before relaxing)
 .literal.vRingbufferDelete
                0x00000000400809f0        0x0 /home/rws205/embedded/esp32/iotbits_esp32/esp-idf/examples/ESP-32S/IMU-MPU6050/build/freertos/libfreertos.a(ringbuf.o)
                                         0x10 (size before relaxing)
 .literal.xRingbufferSendFromISR
                0x00000000400809f0        0x4 /home/rws205/embedded/esp32/iotbits_esp32/esp-idf/examples/ESP-32S/IMU-MPU6050/build/freertos/libfreertos.a(ringbuf.o)
                                         0x24 (size before relaxing)
 .literal.xRingbufferReceiveUpToFromISR
                0x00000000400809f4        0x4 /home/rws205/embedded/esp32/iotbits_esp32/esp-idf/examples/ESP-32S/IMU-MPU6050/build/freertos/libfreertos.a(ringbuf.o)
                                         0x24 (size before relaxing)
 .literal.vRingbufferReturnItemFromISR
                0x00000000400809f8        0x0 /home/rws205/embedded/esp32/iotbits_esp32/esp-idf/examples/ESP-32S/IMU-MPU6050/build/freertos/libfreertos.a(ringbuf.o)
                                          0xc (size before relaxing)
 .literal.panicPutChar
                0x00000000400809f8        0x4 /home/rws205/embedded/esp32/iotbits_esp32/esp-idf/examples/ESP-32S/IMU-MPU6050/build/esp32/libesp32.a(panic.o)
                                          0x8 (size before relaxing)
 .literal.panicPutStr
                0x00000000400809fc        0x0 /home/rws205/embedded/esp32/iotbits_esp32/esp-idf/examples/ESP-32S/IMU-MPU6050/build/esp32/libesp32.a(panic.o)
                                          0x4 (size before relaxing)
 .literal.panicPutHex
                0x00000000400809fc        0x0 /home/rws205/embedded/esp32/iotbits_esp32/esp-idf/examples/ESP-32S/IMU-MPU6050/build/esp32/libesp32.a(panic.o)
                                          0x8 (size before relaxing)
 .literal.panicPutDec
                0x00000000400809fc        0x4 /home/rws205/embedded/esp32/iotbits_esp32/esp-idf/examples/ESP-32S/IMU-MPU6050/build/esp32/libesp32.a(panic.o)
                                         0x10 (size before relaxing)
 .literal.reconfigureAllWdts
                0x0000000040080a00        0xc /home/rws205/embedded/esp32/iotbits_esp32/esp-idf/examples/ESP-32S/IMU-MPU6050/build/esp32/libesp32.a(panic.o)
                                         0x24 (size before relaxing)
 .literal.putEntry
                0x0000000040080a0c       0x10 /home/rws205/embedded/esp32/iotbits_esp32/esp-idf/examples/ESP-32S/IMU-MPU6050/build/esp32/libesp32.a(panic.o)
                                         0x20 (size before relaxing)
 .literal.doBacktrace
                0x0000000040080a1c       0x10 /home/rws205/embedded/esp32/iotbits_esp32/esp-idf/examples/ESP-32S/IMU-MPU6050/build/esp32/libesp32.a(panic.o)
                                         0x24 (size before relaxing)
 .literal.haltOtherCore
                0x0000000040080a2c        0x0 /home/rws205/embedded/esp32/iotbits_esp32/esp-idf/examples/ESP-32S/IMU-MPU6050/build/esp32/libesp32.a(panic.o)
                                          0x4 (size before relaxing)
 .literal.esp_panic_wdt_start
                0x0000000040080a2c       0x14 /home/rws205/embedded/esp32/iotbits_esp32/esp-idf/examples/ESP-32S/IMU-MPU6050/build/esp32/libesp32.a(panic.o)
                                         0x2c (size before relaxing)
 .literal.esp_panic_dig_reset
                0x0000000040080a40        0x0 /home/rws205/embedded/esp32/iotbits_esp32/esp-idf/examples/ESP-32S/IMU-MPU6050/build/esp32/libesp32.a(panic.o)
                                         0x14 (size before relaxing)
 .literal.abort
                0x0000000040080a40        0xc /home/rws205/embedded/esp32/iotbits_esp32/esp-idf/examples/ESP-32S/IMU-MPU6050/build/esp32/libesp32.a(panic.o)
                                         0x10 (size before relaxing)
 .literal.vApplicationStackOverflowHook
                0x0000000040080a4c        0x8 /home/rws205/embedded/esp32/iotbits_esp32/esp-idf/examples/ESP-32S/IMU-MPU6050/build/esp32/libesp32.a(panic.o)
                                         0x18 (size before relaxing)
 .literal.esp_panic_wdt_stop
                0x0000000040080a54        0x0 /home/rws205/embedded/esp32/iotbits_esp32/esp-idf/examples/ESP-32S/IMU-MPU6050/build/esp32/libesp32.a(panic.o)
                                         0x18 (size before relaxing)
 .literal.commonErrorHandler
                0x0000000040080a54       0x18 /home/rws205/embedded/esp32/iotbits_esp32/esp-idf/examples/ESP-32S/IMU-MPU6050/build/esp32/libesp32.a(panic.o)
                                         0x54 (size before relaxing)
 .literal.panicHandler
                0x0000000040080a6c       0x38 /home/rws205/embedded/esp32/iotbits_esp32/esp-idf/examples/ESP-32S/IMU-MPU6050/build/esp32/libesp32.a(panic.o)
                                         0x94 (size before relaxing)
 .literal.xt_unhandled_exception
                0x0000000040080aa4       0x1c /home/rws205/embedded/esp32/iotbits_esp32/esp-idf/examples/ESP-32S/IMU-MPU6050/build/esp32/libesp32.a(panic.o)
                                         0x50 (size before relaxing)
 .literal.esp_set_breakpoint_if_jtag
                0x0000000040080ac0        0x0 /home/rws205/embedded/esp32/iotbits_esp32/esp-idf/examples/ESP-32S/IMU-MPU6050/build/esp32/libesp32.a(panic.o)
                                          0x8 (size before relaxing)
 .literal._esp_error_check_failed
                0x0000000040080ac0        0xc /home/rws205/embedded/esp32/iotbits_esp32/esp-idf/examples/ESP-32S/IMU-MPU6050/build/esp32/libesp32.a(panic.o)
                                         0x1c (size before relaxing)
 .literal.disable_mem_region
                0x0000000040080acc        0xc /home/rws205/embedded/esp32/iotbits_esp32/esp-idf/examples/ESP-32S/IMU-MPU6050/build/esp32/libesp32.a(heap_alloc_caps.o)
                                         0x14 (size before relaxing)
 .literal.dram_alloc_to_iram_addr
                0x0000000040080ad8       0x18 /home/rws205/embedded/esp32/iotbits_esp32/esp-idf/examples/ESP-32S/IMU-MPU6050/build/esp32/libesp32.a(heap_alloc_caps.o)
                                         0x38 (size before relaxing)
 .literal.heap_alloc_enable_nonos_stack_tag
                0x0000000040080af0        0x4 /home/rws205/embedded/esp32/iotbits_esp32/esp-idf/examples/ESP-32S/IMU-MPU6050/build/esp32/libesp32.a(heap_alloc_caps.o)
 .literal.heap_alloc_caps_init
                0x0000000040080af4       0x44 /home/rws205/embedded/esp32/iotbits_esp32/esp-idf/examples/ESP-32S/IMU-MPU6050/build/esp32/libesp32.a(heap_alloc_caps.o)
                                         0x84 (size before relaxing)
 .literal.vPortFree
                0x0000000040080b38        0x8 /home/rws205/embedded/esp32/iotbits_esp32/esp-idf/examples/ESP-32S/IMU-MPU6050/build/esp32/libesp32.a(heap_alloc_caps.o)
                                         0x10 (size before relaxing)
 .literal.pvPortMallocCaps
                0x0000000040080b40        0x0 /home/rws205/embedded/esp32/iotbits_esp32/esp-idf/examples/ESP-32S/IMU-MPU6050/build/esp32/libesp32.a(heap_alloc_caps.o)
                                         0x18 (size before relaxing)
 .literal.pvPortMalloc
                0x0000000040080b40        0x0 /home/rws205/embedded/esp32/iotbits_esp32/esp-idf/examples/ESP-32S/IMU-MPU6050/build/esp32/libesp32.a(heap_alloc_caps.o)
                                          0x4 (size before relaxing)
 .literal.rtc_clk_32k_enable_internal
                0x0000000040080b40       0x14 /home/rws205/embedded/esp32/iotbits_esp32/esp-idf/examples/ESP-32S/IMU-MPU6050/build/soc/libsoc.a(rtc_clk.o)
 .literal.rtc_clk_32k_enable
                0x0000000040080b54        0x4 /home/rws205/embedded/esp32/iotbits_esp32/esp-idf/examples/ESP-32S/IMU-MPU6050/build/soc/libsoc.a(rtc_clk.o)
                                          0xc (size before relaxing)
 .literal.rtc_clk_slow_freq_set
                0x0000000040080b58        0x4 /home/rws205/embedded/esp32/iotbits_esp32/esp-idf/examples/ESP-32S/IMU-MPU6050/build/soc/libsoc.a(rtc_clk.o)
                                          0xc (size before relaxing)
 .literal.rtc_clk_slow_freq_get
                0x0000000040080b5c        0x0 /home/rws205/embedded/esp32/iotbits_esp32/esp-idf/examples/ESP-32S/IMU-MPU6050/build/soc/libsoc.a(rtc_clk.o)
                                          0x4 (size before relaxing)
 .literal.rtc_clk_slow_freq_get_hz
                0x0000000040080b5c        0x8 /home/rws205/embedded/esp32/iotbits_esp32/esp-idf/examples/ESP-32S/IMU-MPU6050/build/soc/libsoc.a(rtc_clk.o)
                                         0x10 (size before relaxing)
 .literal.rtc_clk_fast_freq_set
                0x0000000040080b64        0x0 /home/rws205/embedded/esp32/iotbits_esp32/esp-idf/examples/ESP-32S/IMU-MPU6050/build/soc/libsoc.a(rtc_clk.o)
                                          0xc (size before relaxing)
 .literal.rtc_clk_bbpll_set
                0x0000000040080b64        0x8 /home/rws205/embedded/esp32/iotbits_esp32/esp-idf/examples/ESP-32S/IMU-MPU6050/build/soc/libsoc.a(rtc_clk.o)
                                         0x30 (size before relaxing)
 .literal.rtc_clk_xtal_freq_get
                0x0000000040080b6c        0xc /home/rws205/embedded/esp32/iotbits_esp32/esp-idf/examples/ESP-32S/IMU-MPU6050/build/soc/libsoc.a(rtc_clk.o)
                                         0x1c (size before relaxing)
 .literal.rtc_clk_apb_freq_update
                0x0000000040080b78        0x4 /home/rws205/embedded/esp32/iotbits_esp32/esp-idf/examples/ESP-32S/IMU-MPU6050/build/soc/libsoc.a(rtc_clk.o)
                                          0x8 (size before relaxing)
 .literal.rtc_clk_cpu_freq_set
                0x0000000040080b7c       0x1c /home/rws205/embedded/esp32/iotbits_esp32/esp-idf/examples/ESP-32S/IMU-MPU6050/build/soc/libsoc.a(rtc_clk.o)
                                         0x94 (size before relaxing)
 .literal.rtc_clk_apb_freq_get
                0x0000000040080b98        0x0 /home/rws205/embedded/esp32/iotbits_esp32/esp-idf/examples/ESP-32S/IMU-MPU6050/build/soc/libsoc.a(rtc_clk.o)
                                          0x8 (size before relaxing)
 .literal.rtc_clk_cal_internal
                0x0000000040080b98       0x14 /home/rws205/embedded/esp32/iotbits_esp32/esp-idf/examples/ESP-32S/IMU-MPU6050/build/soc/libsoc.a(rtc_time.o)
                                         0x3c (size before relaxing)
 .literal.rtc_clk_cal
                0x0000000040080bac        0x0 /home/rws205/embedded/esp32/iotbits_esp32/esp-idf/examples/ESP-32S/IMU-MPU6050/build/soc/libsoc.a(rtc_time.o)
                                          0xc (size before relaxing)
 .literal.rtc_time_get
                0x0000000040080bac       0x10 /home/rws205/embedded/esp32/iotbits_esp32/esp-idf/examples/ESP-32S/IMU-MPU6050/build/soc/libsoc.a(rtc_time.o)
                                         0x18 (size before relaxing)
 .literal.rtc_init
                0x0000000040080bbc       0x58 /home/rws205/embedded/esp32/iotbits_esp32/esp-idf/examples/ESP-32S/IMU-MPU6050/build/soc/libsoc.a(rtc_init.o)
                                         0xfc (size before relaxing)
 .literal       0x0000000040080c14        0x0 /home/rws205/embedded/esp32/iotbits_esp32/esp-idf/components/esp32/libhal.a(windowspill_asm.o)
                                          0x4 (size before relaxing)
 .literal.esp_rom_spiflash_read_status
                0x0000000040080c14       0x10 /home/rws205/embedded/esp32/iotbits_esp32/esp-idf/examples/ESP-32S/IMU-MPU6050/build/spi_flash/libspi_flash.a(spi_flash_rom_patch.o)
                                         0x14 (size before relaxing)
 .literal.esp_rom_spiflash_wait_idle
                0x0000000040080c24        0x8 /home/rws205/embedded/esp32/iotbits_esp32/esp-idf/examples/ESP-32S/IMU-MPU6050/build/spi_flash/libspi_flash.a(spi_flash_rom_patch.o)
                                          0xc (size before relaxing)
 .literal.esp_rom_spiflash_erase_block_internal
                0x0000000040080c2c        0x4 /home/rws205/embedded/esp32/iotbits_esp32/esp-idf/examples/ESP-32S/IMU-MPU6050/build/spi_flash/libspi_flash.a(spi_flash_rom_patch.o)
                                         0x18 (size before relaxing)
 .literal.esp_rom_spiflash_erase_sector_internal
                0x0000000040080c30        0x0 /home/rws205/embedded/esp32/iotbits_esp32/esp-idf/examples/ESP-32S/IMU-MPU6050/build/spi_flash/libspi_flash.a(spi_flash_rom_patch.o)
                                         0x18 (size before relaxing)
 .literal.esp_rom_spiflash_read_data
                0x0000000040080c30       0x18 /home/rws205/embedded/esp32/iotbits_esp32/esp-idf/examples/ESP-32S/IMU-MPU6050/build/spi_flash/libspi_flash.a(spi_flash_rom_patch.o)
                                         0x34 (size before relaxing)
 .literal.esp_rom_spiflash_enable_write
                0x0000000040080c48        0x0 /home/rws205/embedded/esp32/iotbits_esp32/esp-idf/examples/ESP-32S/IMU-MPU6050/build/spi_flash/libspi_flash.a(spi_flash_rom_patch.o)
                                         0x10 (size before relaxing)
 .literal.esp_rom_spiflash_program_page_internal
                0x0000000040080c48        0x8 /home/rws205/embedded/esp32/iotbits_esp32/esp-idf/examples/ESP-32S/IMU-MPU6050/build/spi_flash/libspi_flash.a(spi_flash_rom_patch.o)
                                         0x40 (size before relaxing)
 .literal.esp_rom_spiflash_read_statushigh
                0x0000000040080c50        0x4 /home/rws205/embedded/esp32/iotbits_esp32/esp-idf/examples/ESP-32S/IMU-MPU6050/build/spi_flash/libspi_flash.a(spi_flash_rom_patch.o)
                                          0xc (size before relaxing)
 .literal.esp_rom_spiflash_write_status
                0x0000000040080c54        0x4 /home/rws205/embedded/esp32/iotbits_esp32/esp-idf/examples/ESP-32S/IMU-MPU6050/build/spi_flash/libspi_flash.a(spi_flash_rom_patch.o)
                                         0x14 (size before relaxing)
 .literal.esp_rom_spiflash_unlock
                0x0000000040080c58        0x4 /home/rws205/embedded/esp32/iotbits_esp32/esp-idf/examples/ESP-32S/IMU-MPU6050/build/spi_flash/libspi_flash.a(spi_flash_rom_patch.o)
                                         0x28 (size before relaxing)
 .literal.esp_rom_spiflash_erase_block
                0x0000000040080c5c        0xc /home/rws205/embedded/esp32/iotbits_esp32/esp-idf/examples/ESP-32S/IMU-MPU6050/build/spi_flash/libspi_flash.a(spi_flash_rom_patch.o)
                                         0x20 (size before relaxing)
 .literal.esp_rom_spiflash_erase_sector
                0x0000000040080c68        0x0 /home/rws205/embedded/esp32/iotbits_esp32/esp-idf/examples/ESP-32S/IMU-MPU6050/build/spi_flash/libspi_flash.a(spi_flash_rom_patch.o)
                                         0x20 (size before relaxing)
 .literal.esp_rom_spiflash_write
                0x0000000040080c68        0x0 /home/rws205/embedded/esp32/iotbits_esp32/esp-idf/examples/ESP-32S/IMU-MPU6050/build/spi_flash/libspi_flash.a(spi_flash_rom_patch.o)
                                         0x28 (size before relaxing)
 .literal.esp_rom_spiflash_write_encrypted
                0x0000000040080c68        0xc /home/rws205/embedded/esp32/iotbits_esp32/esp-idf/examples/ESP-32S/IMU-MPU6050/build/spi_flash/libspi_flash.a(spi_flash_rom_patch.o)
                                         0x10 (size before relaxing)
 .literal.esp_rom_spiflash_read
                0x0000000040080c74       0x2c /home/rws205/embedded/esp32/iotbits_esp32/esp-idf/examples/ESP-32S/IMU-MPU6050/build/spi_flash/libspi_flash.a(spi_flash_rom_patch.o)
                                         0x5c (size before relaxing)
 .iram1         0x0000000040080ca0      0x131 /home/rws205/embedded/esp32/iotbits_esp32/esp-idf/examples/ESP-32S/IMU-MPU6050/build/esp32/libesp32.a(system_api.o)
                                        0x140 (size before relaxing)
                0x0000000040080ca0                esp_restart_noos
                0x0000000040080dc8                esp_restart
                0x0000000040080dc8                system_restart
 *fill*         0x0000000040080dd1        0x3 
 .iram1         0x0000000040080dd4      0x2b0 /home/rws205/embedded/esp32/iotbits_esp32/esp-idf/examples/ESP-32S/IMU-MPU6050/build/esp32/libesp32.a(cpu_start.o)
                                        0x318 (size before relaxing)
                0x0000000040080dd4                start_cpu0
                0x0000000040080dd4                start_cpu0_default
                0x0000000040080e78                start_cpu1_default
                0x0000000040080e78                start_cpu1
                0x0000000040080f2c                call_start_cpu0
 .iram1         0x0000000040081084        0xf /home/rws205/embedded/esp32/iotbits_esp32/esp-idf/examples/ESP-32S/IMU-MPU6050/build/esp32/libesp32.a(clk.o)
                0x0000000040081084                ets_update_cpu_frequency
 *fill*         0x0000000040081093        0x1 
 .iram1         0x0000000040081094       0x98 /home/rws205/embedded/esp32/iotbits_esp32/esp-idf/examples/ESP-32S/IMU-MPU6050/build/esp32/libesp32.a(crosscore_int.o)
                                         0xa8 (size before relaxing)
                0x00000000400810d8                esp_crosscore_int_send_yield
 .iram1         0x000000004008112c       0x2c /home/rws205/embedded/esp32/iotbits_esp32/esp-idf/examples/ESP-32S/IMU-MPU6050/build/esp32/libesp32.a(cache_err_int.o)
                0x000000004008112c                esp_cache_err_get_cpuid
 .iram1         0x0000000040081158       0x7f /home/rws205/embedded/esp32/iotbits_esp32/esp-idf/examples/ESP-32S/IMU-MPU6050/build/esp32/libesp32.a(ipc.o)
                                         0x8b (size before relaxing)
 *fill*         0x00000000400811d7        0x1 
 .iram1         0x00000000400811d8      0x1f6 /home/rws205/embedded/esp32/iotbits_esp32/esp-idf/examples/ESP-32S/IMU-MPU6050/build/esp32/libesp32.a(intr_alloc.o)
                                        0x20a (size before relaxing)
                0x0000000040081214                esp_intr_enable
                0x000000004008129c                esp_intr_disable
                0x000000004008132c                esp_intr_noniram_disable
                0x0000000040081378                esp_intr_noniram_enable
                0x00000000400813b8                ets_isr_unmask
                0x00000000400813c4                ets_isr_mask
 *fill*         0x00000000400813ce        0x2 
 .iram1         0x00000000400813d0      0x125 /home/rws205/embedded/esp32/iotbits_esp32/esp-idf/examples/ESP-32S/IMU-MPU6050/build/esp32/libesp32.a(dport_access.o)
                                        0x131 (size before relaxing)
                0x00000000400813d0                esp_dport_access_stall_other_cpu_start
                0x0000000040081470                esp_dport_access_stall_other_cpu_end
                0x00000000400814e8                esp_dport_access_stall_other_cpu_start_wrap
                0x00000000400814f0                esp_dport_access_stall_other_cpu_end_wrap
 *fill*         0x00000000400814f5        0x3 
 .iram1         0x00000000400814f8       0x53 /home/rws205/embedded/esp32/iotbits_esp32/esp-idf/examples/ESP-32S/IMU-MPU6050/build/esp32/libesp32.a(int_wdt.o)
 *fill*         0x000000004008154b        0x1 
 .iram1         0x000000004008154c       0x1c /home/rws205/embedded/esp32/iotbits_esp32/esp-idf/examples/ESP-32S/IMU-MPU6050/build/esp32/libesp32.a(freertos_hooks.o)
                0x000000004008154c                esp_vApplicationTickHook
 .iram1         0x0000000040081568      0x56e /home/rws205/embedded/esp32/iotbits_esp32/esp-idf/examples/ESP-32S/IMU-MPU6050/build/freertos/libfreertos.a(xtensa_vectors.o)
                0x0000000040081568                _xt_panic
                0x0000000040081680                _xt_user_exit
                0x0000000040081950                _xt_medint2_exit
                0x00000000400819dc                _xt_medint3_exit
 *fill*         0x0000000040081ad6        0x2 
 .iram1         0x0000000040081ad8      0x17a /home/rws205/embedded/esp32/iotbits_esp32/esp-idf/examples/ESP-32S/IMU-MPU6050/build/log/liblog.a(log.o)
                                        0x186 (size before relaxing)
                0x0000000040081ad8                esp_log_write
                0x0000000040081c08                esp_log_early_timestamp
                0x0000000040081c1c                esp_log_timestamp
 *fill*         0x0000000040081c52        0x2 
 .iram1         0x0000000040081c54       0xb4 /home/rws205/embedded/esp32/iotbits_esp32/esp-idf/examples/ESP-32S/IMU-MPU6050/build/newlib/libnewlib.a(time.o)
                                         0xbc (size before relaxing)
                0x0000000040081c9c                _gettimeofday_r
                0x0000000040081ce0                _times_r
 .iram1         0x0000000040081d08       0x3c /home/rws205/embedded/esp32/iotbits_esp32/esp-idf/examples/ESP-32S/IMU-MPU6050/build/newlib/libnewlib.a(reent_init.o)
                0x0000000040081d08                esp_reent_init
 .iram1         0x0000000040081d44       0x76 /home/rws205/embedded/esp32/iotbits_esp32/esp-idf/examples/ESP-32S/IMU-MPU6050/build/newlib/libnewlib.a(syscalls.o)
                                         0x86 (size before relaxing)
                0x0000000040081d44                _malloc_r
                0x0000000040081d50                _free_r
                0x0000000040081d5c                _realloc_r
                0x0000000040081d9c                _calloc_r
 *fill*         0x0000000040081dba        0x2 
 .iram1         0x0000000040081dbc      0x1c8 /home/rws205/embedded/esp32/iotbits_esp32/esp-idf/examples/ESP-32S/IMU-MPU6050/build/newlib/libnewlib.a(locks.o)
                                        0x20c (size before relaxing)
                0x0000000040081ed8                _lock_init
                0x0000000040081ee4                _lock_init_recursive
                0x0000000040081ef0                _lock_close
                0x0000000040081f2c                _lock_acquire
                0x0000000040081f3c                _lock_acquire_recursive
                0x0000000040081f4c                _lock_try_acquire
                0x0000000040081f5c                _lock_try_acquire_recursive
                0x0000000040081f6c                _lock_release
                0x0000000040081f78                _lock_release_recursive
 .iram1         0x0000000040081f84       0xf6 /home/rws205/embedded/esp32/iotbits_esp32/esp-idf/examples/ESP-32S/IMU-MPU6050/build/soc/libsoc.a(cpu_util.o)
                0x0000000040081f84                esp_cpu_stall
                0x0000000040082018                esp_cpu_unstall
                0x000000004008206c                esp_cpu_in_ocd_debug_mode
 *fill*         0x000000004008207a        0x2 
 .iram1         0x000000004008207c      0x330 /home/rws205/embedded/esp32/iotbits_esp32/esp-idf/examples/ESP-32S/IMU-MPU6050/build/spi_flash/libspi_flash.a(cache_utils.o)
                                        0x398 (size before relaxing)
                0x000000004008218c                spi_flash_op_block_func
                0x00000000400821dc                spi_flash_disable_interrupts_caches_and_other_cpu
                0x00000000400822a0                spi_flash_enable_interrupts_caches_and_other_cpu
                0x0000000040082330                spi_flash_disable_interrupts_caches_and_other_cpu_no_os
                0x000000004008235c                spi_flash_enable_interrupts_caches_no_os
                0x0000000040082378                spi_flash_cache_enabled
 .iram1         0x00000000400823ac      0x575 /home/rws205/embedded/esp32/iotbits_esp32/esp-idf/examples/ESP-32S/IMU-MPU6050/build/spi_flash/libspi_flash.a(flash_ops.o)
                                        0x599 (size before relaxing)
                0x000000004008240c                spi_flash_guard_set
                0x0000000040082418                spi_flash_get_chip_size
                0x0000000040082424                spi_flash_erase_range
                0x00000000400824c8                spi_flash_erase_sector
                0x00000000400824d8                spi_flash_write
                0x0000000040082660                spi_flash_read
                0x00000000400827e4                spi_flash_read_encrypted
                0x000000004008282c                spi_flash_write_encrypted
 *fill*         0x0000000040082921        0x3 
 .iram1         0x0000000040082924      0x3b6 /home/rws205/embedded/esp32/iotbits_esp32/esp-idf/examples/ESP-32S/IMU-MPU6050/build/spi_flash/libspi_flash.a(flash_mmap.o)
                                        0x3d2 (size before relaxing)
                0x0000000040082a1c                spi_flash_mmap
                0x0000000040082bec                spi_flash_munmap
                0x0000000040082c90                spi_flash_mark_modified_region
 *fill*         0x0000000040082cda        0x2 
 .iram1         0x0000000040082cdc      0x18d /home/rws205/embedded/esp32/iotbits_esp32/esp-idf/examples/ESP-32S/IMU-MPU6050/build/vfs/libvfs.a(vfs_uart.o)
                                        0x1a9 (size before relaxing)
 *fill*         0x0000000040082e69        0x3 
 .iram1         0x0000000040082e6c      0x88a /home/rws205/embedded/esp32/iotbits_esp32/esp-idf/examples/ESP-32S/IMU-MPU6050/build/driver/libdriver.a(spi_master.o)
                                        0x896 (size before relaxing)
 *fill*         0x00000000400836f6        0x2 
 .iram1         0x00000000400836f8      0x3e6 /home/rws205/embedded/esp32/iotbits_esp32/esp-idf/examples/ESP-32S/IMU-MPU6050/build/driver/libdriver.a(i2c.o)
                                        0x3ee (size before relaxing)
 *fill*         0x0000000040083ade        0x2 
 .iram1         0x0000000040083ae0      0x11b /home/rws205/embedded/esp32/iotbits_esp32/esp-idf/examples/ESP-32S/IMU-MPU6050/build/driver/libdriver.a(spi_common.o)
                                        0x13f (size before relaxing)
                0x0000000040083ae0                spicommon_dmaworkaround_req_reset
                0x0000000040083b58                spicommon_dmaworkaround_reset_in_progress
                0x0000000040083b6c                spicommon_dmaworkaround_idle
                0x0000000040083bd8                spicommon_dmaworkaround_transfer_active
 *fill*         0x0000000040083bfb        0x0 
 *fill*         0x0000000040083bfb        0x0 
 *fill*         0x0000000040083bfb        0x0 
 *fill*         0x0000000040083bfb        0x0 
 *fill*         0x0000000040083bfb        0x0 
 *fill*         0x0000000040083bfb        0x0 
 *fill*         0x0000000040083bfb        0x0 
 *fill*         0x0000000040083bfb        0x0 
 *fill*         0x0000000040083bfb        0x0 
 *fill*         0x0000000040083bfb        0x0 
 *fill*         0x0000000040083bfb        0x0 
 *fill*         0x0000000040083bfb        0x0 
 *fill*         0x0000000040083bfb        0x0 
 *fill*         0x0000000040083bfb        0x0 
 *libfreertos.a:(.literal .text .literal.* .text.*)
 *fill*         0x0000000040083bfb        0x1 
 .text.xt_unhandled_interrupt
                0x0000000040083bfc       0x16 /home/rws205/embedded/esp32/iotbits_esp32/esp-idf/examples/ESP-32S/IMU-MPU6050/build/freertos/libfreertos.a(xtensa_intr.o)
                0x0000000040083bfc                xt_unhandled_interrupt
 *fill*         0x0000000040083c12        0x2 
 .text.xt_set_interrupt_handler
                0x0000000040083c14       0x4a /home/rws205/embedded/esp32/iotbits_esp32/esp-idf/examples/ESP-32S/IMU-MPU6050/build/freertos/libfreertos.a(xtensa_intr.o)
                0x0000000040083c14                xt_set_interrupt_handler
 *fill*         0x0000000040083c5e        0x2 
 .text.prvCopyDataToQueue
                0x0000000040083c60       0x9e /home/rws205/embedded/esp32/iotbits_esp32/esp-idf/examples/ESP-32S/IMU-MPU6050/build/freertos/libfreertos.a(queue.o)
 *fill*         0x0000000040083cfe        0x2 
 .text.prvNotifyQueueSetContainer
                0x0000000040083d00       0x69 /home/rws205/embedded/esp32/iotbits_esp32/esp-idf/examples/ESP-32S/IMU-MPU6050/build/freertos/libfreertos.a(queue.o)
                                         0x75 (size before relaxing)
 *fill*         0x0000000040083d69        0x3 
 .text.prvCopyDataFromQueue
                0x0000000040083d6c       0x24 /home/rws205/embedded/esp32/iotbits_esp32/esp-idf/examples/ESP-32S/IMU-MPU6050/build/freertos/libfreertos.a(queue.o)
 .text.prvIsQueueFull
                0x0000000040083d90       0x2a /home/rws205/embedded/esp32/iotbits_esp32/esp-idf/examples/ESP-32S/IMU-MPU6050/build/freertos/libfreertos.a(queue.o)
 *fill*         0x0000000040083dba        0x2 
 .text.xQueueGenericReset
                0x0000000040083dbc       0x86 /home/rws205/embedded/esp32/iotbits_esp32/esp-idf/examples/ESP-32S/IMU-MPU6050/build/freertos/libfreertos.a(queue.o)
                                         0x96 (size before relaxing)
                0x0000000040083dbc                xQueueGenericReset
 *fill*         0x0000000040083e42        0x2 
 .text.prvInitialiseNewQueue
                0x0000000040083e44       0x1f /home/rws205/embedded/esp32/iotbits_esp32/esp-idf/examples/ESP-32S/IMU-MPU6050/build/freertos/libfreertos.a(queue.o)
                                         0x23 (size before relaxing)
 *fill*         0x0000000040083e63        0x1 
 .text.xQueueGenericCreate
                0x0000000040083e64       0x45 /home/rws205/embedded/esp32/iotbits_esp32/esp-idf/examples/ESP-32S/IMU-MPU6050/build/freertos/libfreertos.a(queue.o)
                                         0x4d (size before relaxing)
                0x0000000040083e64                xQueueGenericCreate
 *fill*         0x0000000040083ea9        0x3 
 .text.xQueueGetMutexHolder
                0x0000000040083eac       0x23 /home/rws205/embedded/esp32/iotbits_esp32/esp-idf/examples/ESP-32S/IMU-MPU6050/build/freertos/libfreertos.a(queue.o)
                0x0000000040083eac                xQueueGetMutexHolder
 *fill*         0x0000000040083ecf        0x1 
 .text.xQueueGenericSend
                0x0000000040083ed0      0x158 /home/rws205/embedded/esp32/iotbits_esp32/esp-idf/examples/ESP-32S/IMU-MPU6050/build/freertos/libfreertos.a(queue.o)
                                        0x18c (size before relaxing)
                0x0000000040083ed0                xQueueGenericSend
 .text.prvInitialiseMutex
                0x0000000040084028       0x22 /home/rws205/embedded/esp32/iotbits_esp32/esp-idf/examples/ESP-32S/IMU-MPU6050/build/freertos/libfreertos.a(queue.o)
                                         0x26 (size before relaxing)
 *fill*         0x000000004008404a        0x2 
 .text.xQueueCreateMutex
                0x000000004008404c       0x16 /home/rws205/embedded/esp32/iotbits_esp32/esp-idf/examples/ESP-32S/IMU-MPU6050/build/freertos/libfreertos.a(queue.o)
                                         0x1a (size before relaxing)
                0x000000004008404c                xQueueCreateMutex
 *fill*         0x0000000040084062        0x2 
 .text.xQueueGiveMutexRecursive
                0x0000000040084064       0x48 /home/rws205/embedded/esp32/iotbits_esp32/esp-idf/examples/ESP-32S/IMU-MPU6050/build/freertos/libfreertos.a(queue.o)
                                         0x4c (size before relaxing)
                0x0000000040084064                xQueueGiveMutexRecursive
 .text.xQueueGenericSendFromISR
                0x00000000400840ac       0xd6 /home/rws205/embedded/esp32/iotbits_esp32/esp-idf/examples/ESP-32S/IMU-MPU6050/build/freertos/libfreertos.a(queue.o)
                                         0xe6 (size before relaxing)
                0x00000000400840ac                xQueueGenericSendFromISR
 *fill*         0x0000000040084182        0x2 
 .text.xQueueGiveFromISR
                0x0000000040084184       0xb6 /home/rws205/embedded/esp32/iotbits_esp32/esp-idf/examples/ESP-32S/IMU-MPU6050/build/freertos/libfreertos.a(queue.o)
                                         0xc2 (size before relaxing)
                0x0000000040084184                xQueueGiveFromISR
 *fill*         0x000000004008423a        0x2 
 .text.xQueueGenericReceive
                0x000000004008423c      0x144 /home/rws205/embedded/esp32/iotbits_esp32/esp-idf/examples/ESP-32S/IMU-MPU6050/build/freertos/libfreertos.a(queue.o)
                                        0x178 (size before relaxing)
                0x000000004008423c                xQueueGenericReceive
 .text.xQueueTakeMutexRecursive
                0x0000000040084380       0x51 /home/rws205/embedded/esp32/iotbits_esp32/esp-idf/examples/ESP-32S/IMU-MPU6050/build/freertos/libfreertos.a(queue.o)
                0x0000000040084380                xQueueTakeMutexRecursive
 *fill*         0x00000000400843d1        0x3 
 .text.xQueueReceiveFromISR
                0x00000000400843d4       0x96 /home/rws205/embedded/esp32/iotbits_esp32/esp-idf/examples/ESP-32S/IMU-MPU6050/build/freertos/libfreertos.a(queue.o)
                                         0xa6 (size before relaxing)
                0x00000000400843d4                xQueueReceiveFromISR
 *fill*         0x000000004008446a        0x2 
 .text.vQueueDelete
                0x000000004008446c       0x25 /home/rws205/embedded/esp32/iotbits_esp32/esp-idf/examples/ESP-32S/IMU-MPU6050/build/freertos/libfreertos.a(queue.o)
                                         0x28 (size before relaxing)
                0x000000004008446c                vQueueDelete
 *fill*         0x0000000040084491        0x3 
 .text.vQueueWaitForMessageRestricted
                0x0000000040084494       0x23 /home/rws205/embedded/esp32/iotbits_esp32/esp-idf/examples/ESP-32S/IMU-MPU6050/build/freertos/libfreertos.a(queue.o)
                                         0x2a (size before relaxing)
                0x0000000040084494                vQueueWaitForMessageRestricted
 *fill*         0x00000000400844b7        0x1 
 .text.pxPortInitialiseStack
                0x00000000400844b8       0x50 /home/rws205/embedded/esp32/iotbits_esp32/esp-idf/examples/ESP-32S/IMU-MPU6050/build/freertos/libfreertos.a(port.o)
                0x00000000400844b8                pxPortInitialiseStack
 .text.xPortStartScheduler
                0x0000000040084508       0x22 /home/rws205/embedded/esp32/iotbits_esp32/esp-idf/examples/ESP-32S/IMU-MPU6050/build/freertos/libfreertos.a(port.o)
                                         0x2e (size before relaxing)
                0x0000000040084508                xPortStartScheduler
 *fill*         0x000000004008452a        0x2 
 .text.xPortSysTickHandler
                0x000000004008452c       0x10 /home/rws205/embedded/esp32/iotbits_esp32/esp-idf/examples/ESP-32S/IMU-MPU6050/build/freertos/libfreertos.a(port.o)
                                         0x16 (size before relaxing)
                0x000000004008452c                xPortSysTickHandler
 *fill*         0x000000004008453c        0x0 
 .text.vPortYieldOtherCore
                0x000000004008453c        0xa /home/rws205/embedded/esp32/iotbits_esp32/esp-idf/examples/ESP-32S/IMU-MPU6050/build/freertos/libfreertos.a(port.o)
                                          0xe (size before relaxing)
                0x000000004008453c                vPortYieldOtherCore
 *fill*         0x0000000040084546        0x2 
 .text.vPortReleaseTaskMPUSettings
                0x0000000040084548        0xa /home/rws205/embedded/esp32/iotbits_esp32/esp-idf/examples/ESP-32S/IMU-MPU6050/build/freertos/libfreertos.a(port.o)
                                          0xe (size before relaxing)
                0x0000000040084548                vPortReleaseTaskMPUSettings
 *fill*         0x0000000040084552        0x2 
 .text.xPortInIsrContext
                0x0000000040084554       0x26 /home/rws205/embedded/esp32/iotbits_esp32/esp-idf/examples/ESP-32S/IMU-MPU6050/build/freertos/libfreertos.a(port.o)
                0x0000000040084554                xPortInIsrContext
 *fill*         0x000000004008457a        0x2 
 .text.vPortCPUInitializeMutex
                0x000000004008457c        0xd /home/rws205/embedded/esp32/iotbits_esp32/esp-idf/examples/ESP-32S/IMU-MPU6050/build/freertos/libfreertos.a(port.o)
                0x000000004008457c                vPortCPUInitializeMutex
 *fill*         0x0000000040084589        0x3 
 .text.vPortCPUAcquireMutex
                0x000000004008458c       0x62 /home/rws205/embedded/esp32/iotbits_esp32/esp-idf/examples/ESP-32S/IMU-MPU6050/build/freertos/libfreertos.a(port.o)
                0x000000004008458c                vPortCPUAcquireMutex
 *fill*         0x00000000400845ee        0x2 
 .text.vPortCPUReleaseMutex
                0x00000000400845f0       0x63 /home/rws205/embedded/esp32/iotbits_esp32/esp-idf/examples/ESP-32S/IMU-MPU6050/build/freertos/libfreertos.a(port.o)
                0x00000000400845f0                vPortCPUReleaseMutex
 *fill*         0x0000000040084653        0x1 
 .text.vPortFirstTaskHook
                0x0000000040084654        0xa /home/rws205/embedded/esp32/iotbits_esp32/esp-idf/examples/ESP-32S/IMU-MPU6050/build/freertos/libfreertos.a(port.o)
                                          0xe (size before relaxing)
                0x0000000040084654                vPortFirstTaskHook
 *fill*         0x000000004008465e        0x2 
 .text.prvInsertBlockIntoFreeList
                0x0000000040084660       0x9f /home/rws205/embedded/esp32/iotbits_esp32/esp-idf/examples/ESP-32S/IMU-MPU6050/build/freertos/libfreertos.a(heap_regions.o)
 *fill*         0x00000000400846ff        0x1 
 .text.pvPortMallocTagged
                0x0000000040084700      0x114 /home/rws205/embedded/esp32/iotbits_esp32/esp-idf/examples/ESP-32S/IMU-MPU6050/build/freertos/libfreertos.a(heap_regions.o)
                                        0x123 (size before relaxing)
                0x0000000040084700                pvPortMallocTagged
 *fill*         0x0000000040084814        0x0 
 .text.vPortFreeTagged
                0x0000000040084814       0x88 /home/rws205/embedded/esp32/iotbits_esp32/esp-idf/examples/ESP-32S/IMU-MPU6050/build/freertos/libfreertos.a(heap_regions.o)
                                         0x94 (size before relaxing)
                0x0000000040084814                vPortFreeTagged
 .text.vPortDefineHeapRegionsTagged
                0x000000004008489c      0x185 /home/rws205/embedded/esp32/iotbits_esp32/esp-idf/examples/ESP-32S/IMU-MPU6050/build/freertos/libfreertos.a(heap_regions.o)
                                        0x191 (size before relaxing)
                0x000000004008489c                vPortDefineHeapRegionsTagged
 *fill*         0x0000000040084a21        0x3 
 .text.prvResetNextTaskUnblockTime
                0x0000000040084a24       0x34 /home/rws205/embedded/esp32/iotbits_esp32/esp-idf/examples/ESP-32S/IMU-MPU6050/build/freertos/libfreertos.a(tasks.o)
 .text.prvInitialiseNewTask
                0x0000000040084a58       0xc6 /home/rws205/embedded/esp32/iotbits_esp32/esp-idf/examples/ESP-32S/IMU-MPU6050/build/freertos/libfreertos.a(tasks.o)
                                         0xd2 (size before relaxing)
 *fill*         0x0000000040084b1e        0x2 
 .text.prvInitialiseTaskLists
                0x0000000040084b20       0x60 /home/rws205/embedded/esp32/iotbits_esp32/esp-idf/examples/ESP-32S/IMU-MPU6050/build/freertos/libfreertos.a(tasks.o)
                                         0x74 (size before relaxing)
 .text.prvAddCurrentTaskToDelayedList
                0x0000000040084b80       0x66 /home/rws205/embedded/esp32/iotbits_esp32/esp-idf/examples/ESP-32S/IMU-MPU6050/build/freertos/libfreertos.a(tasks.o)
                                         0x6a (size before relaxing)
 *fill*         0x0000000040084be6        0x2 
 .text.prvDeleteTCB
                0x0000000040084be8       0x4a /home/rws205/embedded/esp32/iotbits_esp32/esp-idf/examples/ESP-32S/IMU-MPU6050/build/freertos/libfreertos.a(tasks.o)
                                         0x5d (size before relaxing)
 *fill*         0x0000000040084c32        0x2 
 .text.taskYIELD_OTHER_CORE
                0x0000000040084c34       0x53 /home/rws205/embedded/esp32/iotbits_esp32/esp-idf/examples/ESP-32S/IMU-MPU6050/build/freertos/libfreertos.a(tasks.o)
                0x0000000040084c34                taskYIELD_OTHER_CORE
 *fill*         0x0000000040084c87        0x1 
 .text.vTaskSuspendAll
                0x0000000040084c88       0x26 /home/rws205/embedded/esp32/iotbits_esp32/esp-idf/examples/ESP-32S/IMU-MPU6050/build/freertos/libfreertos.a(tasks.o)
                0x0000000040084c88                vTaskSuspendAll
 *fill*         0x0000000040084cae        0x2 
 .text.vTaskSwitchContext
                0x0000000040084cb0      0x27e /home/rws205/embedded/esp32/iotbits_esp32/esp-idf/examples/ESP-32S/IMU-MPU6050/build/freertos/libfreertos.a(tasks.o)
                                        0x286 (size before relaxing)
                0x0000000040084cb0                vTaskSwitchContext
 *fill*         0x0000000040084f2e        0x2 
 .text.xTaskRemoveFromEventList
                0x0000000040084f30      0x104 /home/rws205/embedded/esp32/iotbits_esp32/esp-idf/examples/ESP-32S/IMU-MPU6050/build/freertos/libfreertos.a(tasks.o)
                                        0x113 (size before relaxing)
                0x0000000040084f30                xTaskRemoveFromEventList
 *fill*         0x0000000040085034        0x0 
 .text.vTaskSetTimeOutState
                0x0000000040085034       0x34 /home/rws205/embedded/esp32/iotbits_esp32/esp-idf/examples/ESP-32S/IMU-MPU6050/build/freertos/libfreertos.a(tasks.o)
                0x0000000040085034                vTaskSetTimeOutState
 .text.xTaskGetCurrentTaskHandle
                0x0000000040085068       0x1f /home/rws205/embedded/esp32/iotbits_esp32/esp-idf/examples/ESP-32S/IMU-MPU6050/build/freertos/libfreertos.a(tasks.o)
                0x0000000040085068                xTaskGetCurrentTaskHandle
 *fill*         0x0000000040085087        0x1 
 .text.__getreent
                0x0000000040085088       0x19 /home/rws205/embedded/esp32/iotbits_esp32/esp-idf/examples/ESP-32S/IMU-MPU6050/build/freertos/libfreertos.a(tasks.o)
                0x0000000040085088                __getreent
 *fill*         0x00000000400850a1        0x3 
 .text.pcTaskGetTaskName
                0x00000000400850a4       0x2a /home/rws205/embedded/esp32/iotbits_esp32/esp-idf/examples/ESP-32S/IMU-MPU6050/build/freertos/libfreertos.a(tasks.o)
                                         0x2d (size before relaxing)
                0x00000000400850a4                pcTaskGetTaskName
 *fill*         0x00000000400850ce        0x2 
 .text.xTaskGetAffinity
                0x00000000400850d0       0x10 /home/rws205/embedded/esp32/iotbits_esp32/esp-idf/examples/ESP-32S/IMU-MPU6050/build/freertos/libfreertos.a(tasks.o)
                                         0x13 (size before relaxing)
                0x00000000400850d0                xTaskGetAffinity
 *fill*         0x00000000400850e0        0x0 
 .text.xTaskGetCurrentTaskHandleForCPU
                0x00000000400850e0       0x18 /home/rws205/embedded/esp32/iotbits_esp32/esp-idf/examples/ESP-32S/IMU-MPU6050/build/freertos/libfreertos.a(tasks.o)
                0x00000000400850e0                xTaskGetCurrentTaskHandleForCPU
 .text.xTaskGetSchedulerState
                0x00000000400850f8       0x37 /home/rws205/embedded/esp32/iotbits_esp32/esp-idf/examples/ESP-32S/IMU-MPU6050/build/freertos/libfreertos.a(tasks.o)
                0x00000000400850f8                xTaskGetSchedulerState
 *fill*         0x000000004008512f        0x1 
 .text.vTaskEnterCritical
                0x0000000040085130       0x72 /home/rws205/embedded/esp32/iotbits_esp32/esp-idf/examples/ESP-32S/IMU-MPU6050/build/freertos/libfreertos.a(tasks.o)
                                         0x76 (size before relaxing)
                0x0000000040085130                vTaskEnterCritical
 *fill*         0x00000000400851a2        0x2 
 .text.vTaskExitCritical
                0x00000000400851a4       0x6e /home/rws205/embedded/esp32/iotbits_esp32/esp-idf/examples/ESP-32S/IMU-MPU6050/build/freertos/libfreertos.a(tasks.o)
                                         0x72 (size before relaxing)
                0x00000000400851a4                vTaskExitCritical
 *fill*         0x0000000040085212        0x2 
 .text.prvAddNewTaskToReadyList
                0x0000000040085214      0x174 /home/rws205/embedded/esp32/iotbits_esp32/esp-idf/examples/ESP-32S/IMU-MPU6050/build/freertos/libfreertos.a(tasks.o)
                                        0x187 (size before relaxing)
 *fill*         0x0000000040085388        0x0 
 .text.xTaskCreatePinnedToCore
                0x0000000040085388       0x65 /home/rws205/embedded/esp32/iotbits_esp32/esp-idf/examples/ESP-32S/IMU-MPU6050/build/freertos/libfreertos.a(tasks.o)
                                         0x71 (size before relaxing)
                0x0000000040085388                xTaskCreatePinnedToCore
 *fill*         0x00000000400853ed        0x3 
 .text.vTaskStartScheduler
                0x00000000400853f0       0x63 /home/rws205/embedded/esp32/iotbits_esp32/esp-idf/examples/ESP-32S/IMU-MPU6050/build/freertos/libfreertos.a(tasks.o)
                                         0x6e (size before relaxing)
                0x00000000400853f0                vTaskStartScheduler
 *fill*         0x0000000040085453        0x1 
 .text.vTaskDelete
                0x0000000040085454       0xe0 /home/rws205/embedded/esp32/iotbits_esp32/esp-idf/examples/ESP-32S/IMU-MPU6050/build/freertos/libfreertos.a(tasks.o)
                                        0x100 (size before relaxing)
                0x0000000040085454                vTaskDelete
 .text.vTaskDelay
                0x0000000040085534       0x74 /home/rws205/embedded/esp32/iotbits_esp32/esp-idf/examples/ESP-32S/IMU-MPU6050/build/freertos/libfreertos.a(tasks.o)
                                         0x84 (size before relaxing)
                0x0000000040085534                vTaskDelay
 .text.prvCheckTasksWaitingTermination
                0x00000000400855a8       0x90 /home/rws205/embedded/esp32/iotbits_esp32/esp-idf/examples/ESP-32S/IMU-MPU6050/build/freertos/libfreertos.a(tasks.o)
                                         0x97 (size before relaxing)
 *fill*         0x0000000040085638        0x0 
 .text.prvIdleTask
                0x0000000040085638        0xc /home/rws205/embedded/esp32/iotbits_esp32/esp-idf/examples/ESP-32S/IMU-MPU6050/build/freertos/libfreertos.a(tasks.o)
                                         0x12 (size before relaxing)
 *fill*         0x0000000040085644        0x0 
 .text.xTaskGetTickCount
                0x0000000040085644       0x1c /home/rws205/embedded/esp32/iotbits_esp32/esp-idf/examples/ESP-32S/IMU-MPU6050/build/freertos/libfreertos.a(tasks.o)
                                         0x20 (size before relaxing)
                0x0000000040085644                xTaskGetTickCount
 .text.xTaskIncrementTick
                0x0000000040085660      0x1b2 /home/rws205/embedded/esp32/iotbits_esp32/esp-idf/examples/ESP-32S/IMU-MPU6050/build/freertos/libfreertos.a(tasks.o)
                                        0x1ce (size before relaxing)
                0x0000000040085660                xTaskIncrementTick
 *fill*         0x0000000040085812        0x2 
 .text.xTaskResumeAll
                0x0000000040085814      0x17f /home/rws205/embedded/esp32/iotbits_esp32/esp-idf/examples/ESP-32S/IMU-MPU6050/build/freertos/libfreertos.a(tasks.o)
                                        0x192 (size before relaxing)
                0x0000000040085814                xTaskResumeAll
 *fill*         0x0000000040085993        0x1 
 .text.vTaskPlaceOnEventList
                0x0000000040085994       0x8f /home/rws205/embedded/esp32/iotbits_esp32/esp-idf/examples/ESP-32S/IMU-MPU6050/build/freertos/libfreertos.a(tasks.o)
                                         0xa3 (size before relaxing)
                0x0000000040085994                vTaskPlaceOnEventList
 *fill*         0x0000000040085a23        0x1 
 .text.vTaskPlaceOnEventListRestricted
                0x0000000040085a24       0x6b /home/rws205/embedded/esp32/iotbits_esp32/esp-idf/examples/ESP-32S/IMU-MPU6050/build/freertos/libfreertos.a(tasks.o)
                                         0x7f (size before relaxing)
                0x0000000040085a24                vTaskPlaceOnEventListRestricted
 *fill*         0x0000000040085a8f        0x1 
 .text.xTaskCheckForTimeOut
                0x0000000040085a90       0x8b /home/rws205/embedded/esp32/iotbits_esp32/esp-idf/examples/ESP-32S/IMU-MPU6050/build/freertos/libfreertos.a(tasks.o)
                                         0x96 (size before relaxing)
                0x0000000040085a90                xTaskCheckForTimeOut
 *fill*         0x0000000040085b1b        0x1 
 .text.vTaskPriorityInherit
                0x0000000040085b1c       0xc4 /home/rws205/embedded/esp32/iotbits_esp32/esp-idf/examples/ESP-32S/IMU-MPU6050/build/freertos/libfreertos.a(tasks.o)
                                         0xdb (size before relaxing)
                0x0000000040085b1c                vTaskPriorityInherit
 *fill*         0x0000000040085be0        0x0 
 .text.xTaskPriorityDisinherit
                0x0000000040085be0       0x97 /home/rws205/embedded/esp32/iotbits_esp32/esp-idf/examples/ESP-32S/IMU-MPU6050/build/freertos/libfreertos.a(tasks.o)
                                         0xaa (size before relaxing)
                0x0000000040085be0                xTaskPriorityDisinherit
 *fill*         0x0000000040085c77        0x1 
 .text.pvTaskIncrementMutexHeldCount
                0x0000000040085c78       0x50 /home/rws205/embedded/esp32/iotbits_esp32/esp-idf/examples/ESP-32S/IMU-MPU6050/build/freertos/libfreertos.a(tasks.o)
                                         0x54 (size before relaxing)
                0x0000000040085c78                pvTaskIncrementMutexHeldCount
 .text.prvGetNextExpireTime
                0x0000000040085cc8       0x20 /home/rws205/embedded/esp32/iotbits_esp32/esp-idf/examples/ESP-32S/IMU-MPU6050/build/freertos/libfreertos.a(timers.o)
 .text.prvInsertTimerInActiveList
                0x0000000040085ce8       0x50 /home/rws205/embedded/esp32/iotbits_esp32/esp-idf/examples/ESP-32S/IMU-MPU6050/build/freertos/libfreertos.a(timers.o)
                                         0x54 (size before relaxing)
 .text.prvCheckForValidListAndQueue
                0x0000000040085d38       0x66 /home/rws205/embedded/esp32/iotbits_esp32/esp-idf/examples/ESP-32S/IMU-MPU6050/build/freertos/libfreertos.a(timers.o)
                                         0x7e (size before relaxing)
 *fill*         0x0000000040085d9e        0x2 
 .text.xTimerCreateTimerTask
                0x0000000040085da0       0x48 /home/rws205/embedded/esp32/iotbits_esp32/esp-idf/examples/ESP-32S/IMU-MPU6050/build/freertos/libfreertos.a(timers.o)
                                         0x4c (size before relaxing)
                0x0000000040085da0                xTimerCreateTimerTask
 .text.xTimerGenericCommand
                0x0000000040085de8       0x55 /home/rws205/embedded/esp32/iotbits_esp32/esp-idf/examples/ESP-32S/IMU-MPU6050/build/freertos/libfreertos.a(timers.o)
                                         0x5d (size before relaxing)
                0x0000000040085de8                xTimerGenericCommand
 *fill*         0x0000000040085e3d        0x3 
 .text.prvSwitchTimerLists
                0x0000000040085e40       0x76 /home/rws205/embedded/esp32/iotbits_esp32/esp-idf/examples/ESP-32S/IMU-MPU6050/build/freertos/libfreertos.a(timers.o)
                                         0x82 (size before relaxing)
 *fill*         0x0000000040085eb6        0x2 
 .text.prvSampleTimeNow
                0x0000000040085eb8       0x2b /home/rws205/embedded/esp32/iotbits_esp32/esp-idf/examples/ESP-32S/IMU-MPU6050/build/freertos/libfreertos.a(timers.o)
                                         0x2f (size before relaxing)
 *fill*         0x0000000040085ee3        0x1 
 .text.prvProcessExpiredTimer
                0x0000000040085ee4       0x53 /home/rws205/embedded/esp32/iotbits_esp32/esp-idf/examples/ESP-32S/IMU-MPU6050/build/freertos/libfreertos.a(timers.o)
                                         0x5f (size before relaxing)
 *fill*         0x0000000040085f37        0x1 
 .text.prvProcessTimerOrBlockTask
                0x0000000040085f38       0x58 /home/rws205/embedded/esp32/iotbits_esp32/esp-idf/examples/ESP-32S/IMU-MPU6050/build/freertos/libfreertos.a(timers.o)
                                         0x6c (size before relaxing)
 .text.prvProcessReceivedCommands
                0x0000000040085f90       0xd2 /home/rws205/embedded/esp32/iotbits_esp32/esp-idf/examples/ESP-32S/IMU-MPU6050/build/freertos/libfreertos.a(timers.o)
                                         0xe6 (size before relaxing)
 *fill*         0x0000000040086062        0x2 
 .text.prvTimerTask
                0x0000000040086064       0x15 /home/rws205/embedded/esp32/iotbits_esp32/esp-idf/examples/ESP-32S/IMU-MPU6050/build/freertos/libfreertos.a(timers.o)
                                         0x1d (size before relaxing)
 *fill*         0x0000000040086079        0x3 
 .text          0x000000004008607c      0x12b /home/rws205/embedded/esp32/iotbits_esp32/esp-idf/examples/ESP-32S/IMU-MPU6050/build/freertos/libfreertos.a(xtensa_context.o)
                0x000000004008607c                _xt_context_save
                0x00000000400860e4                _xt_context_restore
                0x0000000040086128                _xt_coproc_init
                0x000000004008613c                _xt_coproc_release
                0x0000000040086168                _xt_coproc_savecs
                0x0000000040086188                _xt_coproc_restorecs
 *fill*         0x00000000400861a7        0x1 
 .text          0x00000000400861a8      0x1cc /home/rws205/embedded/esp32/iotbits_esp32/esp-idf/examples/ESP-32S/IMU-MPU6050/build/freertos/libfreertos.a(portasm.o)
                0x00000000400861a8                _frxt_setup_switch
                0x00000000400861c0                _frxt_int_enter
                0x0000000040086208                _frxt_int_exit
                0x0000000040086258                _frxt_timer_int
                0x000000004008627c                _frxt_tick_timer_init
                0x0000000040086294                _frxt_dispatch
                0x00000000400862dc                vPortYield
                0x0000000040086328                vPortYieldFromInt
                0x0000000040086348                _frxt_task_coproc_state
 .text._xt_tick_divisor_init
                0x0000000040086374        0xd /home/rws205/embedded/esp32/iotbits_esp32/esp-idf/examples/ESP-32S/IMU-MPU6050/build/freertos/libfreertos.a(xtensa_init.o)